../Core/Src/main.c:111:5:main	8	static
../Core/Src/main.c:268:6:SystemClock_Config	88	static
../Core/Src/main.c:315:13:MX_I2C1_Init	8	static
../Core/Src/main.c:363:13:MX_LPUART1_UART_Init	8	static
../Core/Src/main.c:410:13:MX_USART1_UART_Init	8	static
../Core/Src/main.c:456:13:MX_DMA_Init	16	static
../Core/Src/main.c:484:13:MX_GPIO_Init	48	static
../Core/Src/main.c:523:6:EEPROMWriteExample	16	static
../Core/Src/main.c:537:6:EEPROMReadExample	24	static
../Core/Src/main.c:547:6:Dummy	8	static
../Core/Src/main.c:560:6:Error_Handler	4	static,ignoring_inline_asm
