../Core/Src/main.c:115:5:main	8	static
../Core/Src/main.c:297:6:SystemClock_Config	88	static
../Core/Src/main.c:344:13:MX_I2C1_Init	8	static
../Core/Src/main.c:392:13:MX_LPUART1_UART_Init	8	static
../Core/Src/main.c:439:13:MX_USART1_UART_Init	8	static
../Core/Src/main.c:485:13:MX_DMA_Init	16	static
../Core/Src/main.c:513:13:MX_GPIO_Init	48	static
../Core/Src/main.c:552:6:EEPROMWriteExample	16	static
../Core/Src/main.c:563:6:EEPROMReadExample	24	static
../Core/Src/main.c:573:6:Dummy	8	static
../Core/Src/main.c:586:6:Error_Handler	4	static,ignoring_inline_asm
