Archive member included to satisfy reference by file (symbol)

D:/STM32CubeIDE_1.13.2/STM32CubeIDE/plugins/com.st.stm32cube.ide.mcu.externaltools.gnu-tools-for-stm32.11.3.rel1.win32_1.1.100.202309141235/tools/bin/../lib/gcc/arm-none-eabi/11.3.1/../../../../arm-none-eabi/lib/thumb/v7e-m+fp/hard\libc_nano.a(libc_a-exit.o)
                              D:/STM32CubeIDE_1.13.2/STM32CubeIDE/plugins/com.st.stm32cube.ide.mcu.externaltools.gnu-tools-for-stm32.11.3.rel1.win32_1.1.100.202309141235/tools/bin/../lib/gcc/arm-none-eabi/11.3.1/../../../../arm-none-eabi/lib/thumb/v7e-m+fp/hard/crt0.o (exit)
D:/STM32CubeIDE_1.13.2/STM32CubeIDE/plugins/com.st.stm32cube.ide.mcu.externaltools.gnu-tools-for-stm32.11.3.rel1.win32_1.1.100.202309141235/tools/bin/../lib/gcc/arm-none-eabi/11.3.1/../../../../arm-none-eabi/lib/thumb/v7e-m+fp/hard\libc_nano.a(libc_a-findfp.o)
                              D:/STM32CubeIDE_1.13.2/STM32CubeIDE/plugins/com.st.stm32cube.ide.mcu.externaltools.gnu-tools-for-stm32.11.3.rel1.win32_1.1.100.202309141235/tools/bin/../lib/gcc/arm-none-eabi/11.3.1/../../../../arm-none-eabi/lib/thumb/v7e-m+fp/hard\libc_nano.a(libc_a-exit.o) (__stdio_exit_handler)
D:/STM32CubeIDE_1.13.2/STM32CubeIDE/plugins/com.st.stm32cube.ide.mcu.externaltools.gnu-tools-for-stm32.11.3.rel1.win32_1.1.100.202309141235/tools/bin/../lib/gcc/arm-none-eabi/11.3.1/../../../../arm-none-eabi/lib/thumb/v7e-m+fp/hard\libc_nano.a(libc_a-fwalk.o)
                              D:/STM32CubeIDE_1.13.2/STM32CubeIDE/plugins/com.st.stm32cube.ide.mcu.externaltools.gnu-tools-for-stm32.11.3.rel1.win32_1.1.100.202309141235/tools/bin/../lib/gcc/arm-none-eabi/11.3.1/../../../../arm-none-eabi/lib/thumb/v7e-m+fp/hard\libc_nano.a(libc_a-findfp.o) (_fwalk_sglue)
D:/STM32CubeIDE_1.13.2/STM32CubeIDE/plugins/com.st.stm32cube.ide.mcu.externaltools.gnu-tools-for-stm32.11.3.rel1.win32_1.1.100.202309141235/tools/bin/../lib/gcc/arm-none-eabi/11.3.1/../../../../arm-none-eabi/lib/thumb/v7e-m+fp/hard\libc_nano.a(libc_a-stdio.o)
                              D:/STM32CubeIDE_1.13.2/STM32CubeIDE/plugins/com.st.stm32cube.ide.mcu.externaltools.gnu-tools-for-stm32.11.3.rel1.win32_1.1.100.202309141235/tools/bin/../lib/gcc/arm-none-eabi/11.3.1/../../../../arm-none-eabi/lib/thumb/v7e-m+fp/hard\libc_nano.a(libc_a-findfp.o) (__sread)
D:/STM32CubeIDE_1.13.2/STM32CubeIDE/plugins/com.st.stm32cube.ide.mcu.externaltools.gnu-tools-for-stm32.11.3.rel1.win32_1.1.100.202309141235/tools/bin/../lib/gcc/arm-none-eabi/11.3.1/../../../../arm-none-eabi/lib/thumb/v7e-m+fp/hard\libc_nano.a(libc_a-memset.o)
                              D:/STM32CubeIDE_1.13.2/STM32CubeIDE/plugins/com.st.stm32cube.ide.mcu.externaltools.gnu-tools-for-stm32.11.3.rel1.win32_1.1.100.202309141235/tools/bin/../lib/gcc/arm-none-eabi/11.3.1/../../../../arm-none-eabi/lib/thumb/v7e-m+fp/hard/crt0.o (memset)
D:/STM32CubeIDE_1.13.2/STM32CubeIDE/plugins/com.st.stm32cube.ide.mcu.externaltools.gnu-tools-for-stm32.11.3.rel1.win32_1.1.100.202309141235/tools/bin/../lib/gcc/arm-none-eabi/11.3.1/../../../../arm-none-eabi/lib/thumb/v7e-m+fp/hard\libc_nano.a(libc_a-closer.o)
                              D:/STM32CubeIDE_1.13.2/STM32CubeIDE/plugins/com.st.stm32cube.ide.mcu.externaltools.gnu-tools-for-stm32.11.3.rel1.win32_1.1.100.202309141235/tools/bin/../lib/gcc/arm-none-eabi/11.3.1/../../../../arm-none-eabi/lib/thumb/v7e-m+fp/hard\libc_nano.a(libc_a-stdio.o) (_close_r)
D:/STM32CubeIDE_1.13.2/STM32CubeIDE/plugins/com.st.stm32cube.ide.mcu.externaltools.gnu-tools-for-stm32.11.3.rel1.win32_1.1.100.202309141235/tools/bin/../lib/gcc/arm-none-eabi/11.3.1/../../../../arm-none-eabi/lib/thumb/v7e-m+fp/hard\libc_nano.a(libc_a-reent.o)
                              D:/STM32CubeIDE_1.13.2/STM32CubeIDE/plugins/com.st.stm32cube.ide.mcu.externaltools.gnu-tools-for-stm32.11.3.rel1.win32_1.1.100.202309141235/tools/bin/../lib/gcc/arm-none-eabi/11.3.1/../../../../arm-none-eabi/lib/thumb/v7e-m+fp/hard\libc_nano.a(libc_a-closer.o) (errno)
D:/STM32CubeIDE_1.13.2/STM32CubeIDE/plugins/com.st.stm32cube.ide.mcu.externaltools.gnu-tools-for-stm32.11.3.rel1.win32_1.1.100.202309141235/tools/bin/../lib/gcc/arm-none-eabi/11.3.1/../../../../arm-none-eabi/lib/thumb/v7e-m+fp/hard\libc_nano.a(libc_a-impure.o)
                              D:/STM32CubeIDE_1.13.2/STM32CubeIDE/plugins/com.st.stm32cube.ide.mcu.externaltools.gnu-tools-for-stm32.11.3.rel1.win32_1.1.100.202309141235/tools/bin/../lib/gcc/arm-none-eabi/11.3.1/../../../../arm-none-eabi/lib/thumb/v7e-m+fp/hard\libc_nano.a(libc_a-reent.o) (_impure_ptr)
D:/STM32CubeIDE_1.13.2/STM32CubeIDE/plugins/com.st.stm32cube.ide.mcu.externaltools.gnu-tools-for-stm32.11.3.rel1.win32_1.1.100.202309141235/tools/bin/../lib/gcc/arm-none-eabi/11.3.1/../../../../arm-none-eabi/lib/thumb/v7e-m+fp/hard\libc_nano.a(libc_a-lseekr.o)
[...]
Memory Configuration

Name             Origin             Length             Attributes
RAM              0x0000000020000000 0x0000000000020000 xrw
FLASH            0x0000000008000000 0x0000000000080000 xr
*default*        0x0000000000000000 0xffffffffffffffff

Linker script and memory map

LOAD D:/STM32CubeIDE_1.13.2/STM32CubeIDE/plugins/com.st.stm32cube.ide.mcu.externaltools.gnu-tools-for-stm32.11.3.rel1.win32_1.1.100.202309141235/tools/bin/../lib/gcc/arm-none-eabi/11.3.1/thumb/v7e-m+fp/hard/crti.o
LOAD D:/STM32CubeIDE_1.13.2/STM32CubeIDE/plugins/com.st.stm32cube.ide.mcu.externaltools.gnu-tools-for-stm32.11.3.rel1.win32_1.1.100.202309141235/tools/bin/../lib/gcc/arm-none-eabi/11.3.1/thumb/v7e-m+fp/hard/crtbegin.o
LOAD D:/STM32CubeIDE_1.13.2/STM32CubeIDE/plugins/com.st.stm32cube.ide.mcu.externaltools.gnu-tools-for-stm32.11.3.rel1.win32_1.1.100.202309141235/tools/bin/../lib/gcc/arm-none-eabi/11.3.1/../../../../arm-none-eabi/lib/thumb/v7e-m+fp/hard/crt0.o
LOAD ./Core/Src/main.o
LOAD ./Core/Src/stm32g4xx_hal_msp.o
LOAD ./Core/Src/stm32g4xx_it.o
LOAD ./Core/Src/syscalls.o
LOAD ./Core/Src/sysmem.o
LOAD ./Core/Src/system_stm32g4xx.o
LOAD ./Core/Startup/startup_stm32g474retx.o
LOAD ./Drivers/STM32G4xx_HAL_Driver/Src/stm32g4xx_hal.o
LOAD ./Drivers/STM32G4xx_HAL_Driver/Src/stm32g4xx_hal_cortex.o
LOAD ./Drivers/STM32G4xx_HAL_Driver/Src/stm32g4xx_hal_dma.o
LOAD ./Drivers/STM32G4xx_HAL_Driver/Src/stm32g4xx_hal_dma_ex.o
LOAD ./Drivers/STM32G4xx_HAL_Driver/Src/stm32g4xx_hal_exti.o
LOAD ./Drivers/STM32G4xx_HAL_Driver/Src/stm32g4xx_hal_flash.o
LOAD ./Drivers/STM32G4xx_HAL_Driver/Src/stm32g4xx_hal_flash_ex.o
LOAD ./Drivers/STM32G4xx_HAL_Driver/Src/stm32g4xx_hal_flash_ramfunc.o
LOAD ./Drivers/STM32G4xx_HAL_Driver/Src/stm32g4xx_hal_gpio.o
LOAD ./Drivers/STM32G4xx_HAL_Driver/Src/stm32g4xx_hal_i2c.o
LOAD ./Drivers/STM32G4xx_HAL_Driver/Src/stm32g4xx_hal_i2c_ex.o
LOAD ./Drivers/STM32G4xx_HAL_Driver/Src/stm32g4xx_hal_pwr.o
LOAD ./Drivers/STM32G4xx_HAL_Driver/Src/stm32g4xx_hal_pwr_ex.o
LOAD ./Drivers/STM32G4xx_HAL_Driver/Src/stm32g4xx_hal_rcc.o
LOAD ./Drivers/STM32G4xx_HAL_Driver/Src/stm32g4xx_hal_rcc_ex.o
LOAD ./Drivers/STM32G4xx_HAL_Driver/Src/stm32g4xx_hal_tim.o
LOAD ./Drivers/STM32G4xx_HAL_Driver/Src/stm32g4xx_hal_tim_ex.o
LOAD ./Drivers/STM32G4xx_HAL_Driver/Src/stm32g4xx_hal_uart.o
LOAD ./Drivers/STM32G4xx_HAL_Driver/Src/stm32g4xx_hal_uart_ex.o
START GROUP
LOAD D:/STM32CubeIDE_1.13.2/STM32CubeIDE/plugins/com.st.stm32cube.ide.mcu.externaltools.gnu-tools-for-stm32.11.3.rel1.win32_1.1.100.202309141235/tools/bin/../lib/gcc/arm-none-eabi/11.3.1/../../../../arm-none-eabi/lib/thumb/v7e-m+fp/hard\libc_nano.a
LOAD D:/STM32CubeIDE_1.13.2/STM32CubeIDE/plugins/com.st.stm32cube.ide.mcu.externaltools.gnu-tools-for-stm32.11.3.rel1.win32_1.1.100.202309141235/tools/bin/../lib/gcc/arm-none-eabi/11.3.1/../../../../arm-none-eabi/lib/thumb/v7e-m+fp/hard\libm.a
END GROUP
START GROUP
LOAD D:/STM32CubeIDE_1.13.2/STM32CubeIDE/plugins/com.st.stm32cube.ide.mcu.externaltools.gnu-tools-for-stm32.11.3.rel1.win32_1.1.100.202309141235/tools/bin/../lib/gcc/arm-none-eabi/11.3.1/thumb/v7e-m+fp/hard\libgcc.a
LOAD D:/STM32CubeIDE_1.13.2/STM32CubeIDE/plugins/com.st.stm32cube.ide.mcu.externaltools.gnu-tools-for-stm32.11.3.rel1.win32_1.1.100.202309141235/tools/bin/../lib/gcc/arm-none-eabi/11.3.1/../../../../arm-none-eabi/lib/thumb/v7e-m+fp/hard\libc_nano.a
END GROUP
START GROUP
LOAD D:/STM32CubeIDE_1.13.2/STM32CubeIDE/plugins/com.st.stm32cube.ide.mcu.externaltools.gnu-tools-for-stm32.11.3.rel1.win32_1.1.100.202309141235/tools/bin/../lib/gcc/arm-none-eabi/11.3.1/thumb/v7e-m+fp/hard\libgcc.a
LOAD D:/STM32CubeIDE_1.13.2/STM32CubeIDE/plugins/com.st.stm32cube.ide.mcu.externaltools.gnu-tools-for-stm32.11.3.rel1.win32_1.1.100.202309141235/tools/bin/../lib/gcc/arm-none-eabi/11.3.1/../../../../arm-none-eabi/lib/thumb/v7e-m+fp/hard\libc_nano.a
LOAD D:/STM32CubeIDE_1.13.2/STM32CubeIDE/plugins/com.st.stm32cube.ide.mcu.externaltools.gnu-tools-for-stm32.11.3.rel1.win32_1.1.100.202309141235/tools/bin/../lib/gcc/arm-none-eabi/11.3.1/../../../../arm-none-eabi/lib/thumb/v7e-m+fp/hard\libnosys.a
END GROUP
START GROUP
LOAD D:/STM32CubeIDE_1.13.2/STM32CubeIDE/plugins/com.st.stm32cube.ide.mcu.externaltools.gnu-tools-for-stm32.11.3.rel1.win32_1.1.100.202309141235/tools/bin/../lib/gcc/arm-none-eabi/11.3.1/thumb/v7e-m+fp/hard\libgcc.a
LOAD D:/STM32CubeIDE_1.13.2/STM32CubeIDE/plugins/com.st.stm32cube.ide.mcu.externaltools.gnu-tools-for-stm32.11.3.rel1.win32_1.1.100.202309141235/tools/bin/../lib/gcc/arm-none-eabi/11.3.1/../../../../arm-none-eabi/lib/thumb/v7e-m+fp/hard\libc_nano.a
LOAD D:/STM32CubeIDE_1.13.2/STM32CubeIDE/plugins/com.st.stm32cube.ide.mcu.externaltools.gnu-tools-for-stm32.11.3.rel1.win32_1.1.100.202309141235/tools/bin/../lib/gcc/arm-none-eabi/11.3.1/../../../../arm-none-eabi/lib/thumb/v7e-m+fp/hard\libnosys.a
END GROUP
LOAD D:/STM32CubeIDE_1.13.2/STM32CubeIDE/plugins/com.st.stm32cube.ide.mcu.externaltools.gnu-tools-for-stm32.11.3.rel1.win32_1.1.100.202309141235/tools/bin/../lib/gcc/arm-none-eabi/11.3.1/thumb/v7e-m+fp/hard/crtend.o
LOAD D:/STM32CubeIDE_1.13.2/STM32CubeIDE/plugins/com.st.stm32cube.ide.mcu.externaltools.gnu-tools-for-stm32.11.3.rel1.win32_1.1.100.202309141235/tools/bin/../lib/gcc/arm-none-eabi/11.3.1/thumb/v7e-m+fp/hard/crtn.o
                0x0000000020020000                _estack = (ORIGIN (RAM) + LENGTH (RAM))
                0x0000000000000200                _Min_Heap_Size = 0x200
                0x0000000000000400                _Min_Stack_Size = 0x400

.isr_vector     0x0000000008000000      0x1d8
                0x0000000008000000                . = ALIGN (0x4)
 *(.isr_vector)
 .isr_vector    0x0000000008000000      0x1d8 ./Core/Startup/startup_stm32g474retx.o
                0x0000000008000000                g_pfnVectors
                0x00000000080001d8                . = ALIGN (0x4)

.text           0x00000000080001d8     0x67a4
                0x00000000080001d8                . = ALIGN (0x4)
 *(.text)
 .text          0x00000000080001d8       0x40 D:/STM32CubeIDE_1.13.2/STM32CubeIDE/plugins/com.st.stm32cube.ide.mcu.externaltools.gnu-tools-for-stm32.11.3.rel1.win32_1.1.100.202309141235/tools/bin/../lib/gcc/arm-none-eabi/11.3.1/thumb/v7e-m+fp/hard/crtbegin.o
 .text          0x0000000008000218       0x10 D:/STM32CubeIDE_1.13.2/STM32CubeIDE/plugins/com.st.stm32cube.ide.mcu.externaltools.gnu-tools-for-stm32.11.3.rel1.win32_1.1.100.202309141235/tools/bin/../lib/gcc/arm-none-eabi/11.3.1/../../../../arm-none-eabi/lib/thumb/v7e-m+fp/hard\libc_nano.a(libc_a-strlen.o)
                0x0000000008000218                strlen
 .text          0x0000000008000228       0x30 D:/STM32CubeIDE_1.13.2/STM32CubeIDE/plugins/com.st.stm32cube.ide.mcu.externaltools.gnu-tools-for-stm32.11.3.rel1.win32_1.1.100.202309141235/tools/bin/../lib/gcc/arm-none-eabi/11.3.1/thumb/v7e-m+fp/hard\libgcc.a(_aeabi_uldivmod.o)
                0x0000000008000228                __aeabi_uldivmod
 .text          0x0000000008000258      0x2c8 D:/STM32CubeIDE_1.13.2/STM32CubeIDE/plugins/com.st.stm32cube.ide.mcu.externaltools.gnu-tools-for-stm32.11.3.rel1.win32_1.1.100.202309141235/tools/bin/../lib/gcc/arm-none-eabi/11.3.1/thumb/v7e-m+fp/hard\libgcc.a(_udivmoddi4.o)
                0x0000000008000258                __udivmoddi4
 .text          0x0000000008000520        0x4 D:/STM32CubeIDE_1.13.2/STM32CubeIDE/plugins/com.st.stm32cube.ide.mcu.externaltools.gnu-tools-for-stm32.11.3.rel1.win32_1.1.100.202309141235/tools/bin/../lib/gcc/arm-none-eabi/11.3.1/thumb/v7e-m+fp/hard\libgcc.a(_dvmd_tls.o)
                0x0000000008000520                __aeabi_idiv0
                0x0000000008000520                __aeabi_ldiv0
 *(.text*)
 .text.main     0x0000000008000524      0x4f0 ./Core/Src/main.o
                0x0000000008000524                main
 .text.SystemClock_Config
                0x0000000008000a14       0x96 ./Core/Src/main.o
                0x0000000008000a14                SystemClock_Config
 *fill*         0x0000000008000aaa        0x2 
 .text.MX_I2C1_Init
                0x0000000008000aac       0x80 ./Core/Src/main.o
 .text.MX_LPUART1_UART_Init
                0x0000000008000b2c       0x98 ./Core/Src/main.o
 .text.MX_USART1_UART_Init
                0x0000000008000bc4       0x9c ./Core/Src/main.o
 .text.MX_DMA_Init
                0x0000000008000c60       0xa4 ./Core/Src/main.o
 .text.MX_GPIO_Init
                0x0000000008000d04       0xdc ./Core/Src/main.o
 .text.EEPROMWriteExample
                0x0000000008000de0       0x88 ./Core/Src/main.o
                0x0000000008000de0                EEPROMWriteExample
 .text.EEPROMReadExample
                0x0000000008000e68       0x44 ./Core/Src/main.o
                0x0000000008000e68                EEPROMReadExample
 .text.Dummy    0x0000000008000eac       0x30 ./Core/Src/main.o
                0x0000000008000eac                Dummy
 .text.Error_Handler
                0x0000000008000edc        0xa ./Core/Src/main.o
                0x0000000008000edc                Error_Handler
 *fill*         0x0000000008000ee6        0x2 
 .text.HAL_MspInit
                0x0000000008000ee8       0x48 ./Core/Src/stm32g4xx_hal_msp.o
                0x0000000008000ee8                HAL_MspInit
 .text.HAL_I2C_MspInit
                0x0000000008000f30      0x188 ./Core/Src/stm32g4xx_hal_msp.o
                0x0000000008000f30                HAL_I2C_MspInit
 .text.HAL_UART_MspInit
                0x00000000080010b8      0x2c0 ./Core/Src/stm32g4xx_hal_msp.o
                0x00000000080010b8                HAL_UART_MspInit
 .text.NMI_Handler
                0x0000000008001378        0x6 ./Core/Src/stm32g4xx_it.o
                0x0000000008001378                NMI_Handler
 .text.HardFault_Handler
                0x000000000800137e        0x6 ./Core/Src/stm32g4xx_it.o
                0x000000000800137e                HardFault_Handler
 .text.MemManage_Handler
                0x0000000008001384        0x6 ./Core/Src/stm32g4xx_it.o
                0x0000000008001384                MemManage_Handler
 .text.BusFault_Handler
                0x000000000800138a        0x6 ./Core/Src/stm32g4xx_it.o
                0x000000000800138a                BusFault_Handler
 .text.UsageFault_Handler
                0x0000000008001390        0x6 ./Core/Src/stm32g4xx_it.o
                0x0000000008001390                UsageFault_Handler
 .text.SVC_Handler
                0x0000000008001396        0xe ./Core/Src/stm32g4xx_it.o
                0x0000000008001396                SVC_Handler
 .text.DebugMon_Handler
                0x00000000080013a4        0xe ./Core/Src/stm32g4xx_it.o
                0x00000000080013a4                DebugMon_Handler
 .text.PendSV_Handler
                0x00000000080013b2        0xe ./Core/Src/stm32g4xx_it.o
                0x00000000080013b2                PendSV_Handler
 .text.SysTick_Handler
                0x00000000080013c0        0xc ./Core/Src/stm32g4xx_it.o
                0x00000000080013c0                SysTick_Handler
 .text.DMA1_Channel1_IRQHandler
                0x00000000080013cc       0x14 ./Core/Src/stm32g4xx_it.o
                0x00000000080013cc                DMA1_Channel1_IRQHandler
 .text.DMA1_Channel2_IRQHandler
                0x00000000080013e0       0x14 ./Core/Src/stm32g4xx_it.o
                0x00000000080013e0                DMA1_Channel2_IRQHandler
 .text.DMA1_Channel3_IRQHandler
                0x00000000080013f4       0x14 ./Core/Src/stm32g4xx_it.o
                0x00000000080013f4                DMA1_Channel3_IRQHandler
 .text.DMA1_Channel4_IRQHandler
                0x0000000008001408       0x14 ./Core/Src/stm32g4xx_it.o
                0x0000000008001408                DMA1_Channel4_IRQHandler
 .text.DMA1_Channel5_IRQHandler
                0x000000000800141c       0x14 ./Core/Src/stm32g4xx_it.o
                0x000000000800141c                DMA1_Channel5_IRQHandler
 .text.DMA1_Channel6_IRQHandler
                0x0000000008001430       0x14 ./Core/Src/stm32g4xx_it.o
                0x0000000008001430                DMA1_Channel6_IRQHandler
 .text.I2C1_EV_IRQHandler
                0x0000000008001444       0x14 ./Core/Src/stm32g4xx_it.o
                0x0000000008001444                I2C1_EV_IRQHandler
 .text.I2C1_ER_IRQHandler
                0x0000000008001458       0x14 ./Core/Src/stm32g4xx_it.o
                0x0000000008001458                I2C1_ER_IRQHandler
 .text.USART1_IRQHandler
                0x000000000800146c       0x14 ./Core/Src/stm32g4xx_it.o
                0x000000000800146c                USART1_IRQHandler
 .text.EXTI15_10_IRQHandler
                0x0000000008001480       0x10 ./Core/Src/stm32g4xx_it.o
                0x0000000008001480                EXTI15_10_IRQHandler
 .text.LPUART1_IRQHandler
                0x0000000008001490       0x14 ./Core/Src/stm32g4xx_it.o
                0x0000000008001490                LPUART1_IRQHandler
 .text.SystemInit
                0x00000000080014a4       0x24 ./Core/Src/system_stm32g4xx.o
                0x00000000080014a4                SystemInit
 .text.Reset_Handler
                0x00000000080014c8       0x50 ./Core/Startup/startup_stm32g474retx.o
                0x00000000080014c8                Reset_Handler
 .text.Default_Handler
                0x0000000008001518        0x2 ./Core/Startup/startup_stm32g474retx.o
                0x0000000008001518                RTC_Alarm_IRQHandler
                0x0000000008001518                EXTI2_IRQHandler
                0x0000000008001518                TIM8_TRG_COM_IRQHandler
                0x0000000008001518                TIM8_CC_IRQHandler
                0x0000000008001518                HRTIM1_Master_IRQHandler
                0x0000000008001518                SPI4_IRQHandler
                0x0000000008001518                FDCAN3_IT0_IRQHandler
                0x0000000008001518                TIM1_CC_IRQHandler
                0x0000000008001518                HRTIM1_FLT_IRQHandler
                0x0000000008001518                HRTIM1_TIMF_IRQHandler
                0x0000000008001518                USB_HP_IRQHandler
                0x0000000008001518                CORDIC_IRQHandler
                0x0000000008001518                HRTIM1_TIMD_IRQHandler
                0x0000000008001518                DMA2_Channel8_IRQHandler
                0x0000000008001518                EXTI3_IRQHandler
                0x0000000008001518                I2C3_ER_IRQHandler
                0x0000000008001518                EXTI0_IRQHandler
                0x0000000008001518                I2C2_EV_IRQHandler
                0x0000000008001518                FPU_IRQHandler
                0x0000000008001518                FDCAN1_IT1_IRQHandler
                0x0000000008001518                TIM1_UP_TIM16_IRQHandler
                0x0000000008001518                ADC1_2_IRQHandler
                0x0000000008001518                HRTIM1_TIME_IRQHandler
                0x0000000008001518                SPI1_IRQHandler
                0x0000000008001518                TIM6_DAC_IRQHandler
                0x0000000008001518                HRTIM1_TIMC_IRQHandler
                0x0000000008001518                TIM8_UP_IRQHandler
                0x0000000008001518                DMA2_Channel2_IRQHandler
                0x0000000008001518                TIM20_TRG_COM_IRQHandler
                0x0000000008001518                USART3_IRQHandler
                0x0000000008001518                DMA1_Channel7_IRQHandler
                0x0000000008001518                UART5_IRQHandler
                0x0000000008001518                ADC3_IRQHandler
                0x0000000008001518                TIM4_IRQHandler
                0x0000000008001518                DMA2_Channel1_IRQHandler
                0x0000000008001518                QUADSPI_IRQHandler
                0x0000000008001518                UART4_IRQHandler
                0x0000000008001518                DMA2_Channel4_IRQHandler
                0x0000000008001518                TIM3_IRQHandler
                0x0000000008001518                RCC_IRQHandler
                0x0000000008001518                TIM20_UP_IRQHandler
                0x0000000008001518                Default_Handler
                0x0000000008001518                DMA2_Channel7_IRQHandler
                0x0000000008001518                RTC_TAMP_LSECSS_IRQHandler
                0x0000000008001518                FMAC_IRQHandler
                0x0000000008001518                DMA1_Channel8_IRQHandler
                0x0000000008001518                HRTIM1_TIMA_IRQHandler
                0x0000000008001518                TIM7_DAC_IRQHandler
                0x0000000008001518                FDCAN3_IT1_IRQHandler
                0x0000000008001518                TIM5_IRQHandler
                0x0000000008001518                UCPD1_IRQHandler
                0x0000000008001518                I2C3_EV_IRQHandler
                0x0000000008001518                EXTI9_5_IRQHandler
                0x0000000008001518                RTC_WKUP_IRQHandler
                0x0000000008001518                PVD_PVM_IRQHandler
                0x0000000008001518                SPI2_IRQHandler
                0x0000000008001518                ADC5_IRQHandler
                0x0000000008001518                DMA2_Channel5_IRQHandler
                0x0000000008001518                CRS_IRQHandler
                0x0000000008001518                USB_LP_IRQHandler
                0x0000000008001518                EXTI4_IRQHandler
                0x0000000008001518                RNG_IRQHandler
                0x0000000008001518                HRTIM1_TIMB_IRQHandler
                0x0000000008001518                TIM1_TRG_COM_TIM17_IRQHandler
                0x0000000008001518                FDCAN2_IT1_IRQHandler
                0x0000000008001518                ADC4_IRQHandler
                0x0000000008001518                WWDG_IRQHandler
                0x0000000008001518                I2C4_EV_IRQHandler
                0x0000000008001518                FDCAN2_IT0_IRQHandler
                0x0000000008001518                DMA2_Channel6_IRQHandler
                0x0000000008001518                FDCAN1_IT0_IRQHandler
                0x0000000008001518                TIM2_IRQHandler
                0x0000000008001518                COMP7_IRQHandler
                0x0000000008001518                COMP1_2_3_IRQHandler
                0x0000000008001518                EXTI1_IRQHandler
                0x0000000008001518                USART2_IRQHandler
                0x0000000008001518                COMP4_5_6_IRQHandler
                0x0000000008001518                TIM20_BRK_IRQHandler
                0x0000000008001518                I2C2_ER_IRQHandler
                0x0000000008001518                TIM8_BRK_IRQHandler
                0x0000000008001518                FLASH_IRQHandler
                0x0000000008001518                TIM20_CC_IRQHandler
                0x0000000008001518                SPI3_IRQHandler
                0x0000000008001518                FMC_IRQHandler
                0x0000000008001518                LPTIM1_IRQHandler
                0x0000000008001518                DMAMUX_OVR_IRQHandler
                0x0000000008001518                I2C4_ER_IRQHandler
                0x0000000008001518                USBWakeUp_IRQHandler
                0x0000000008001518                SAI1_IRQHandler
                0x0000000008001518                DMA2_Channel3_IRQHandler
                0x0000000008001518                TIM1_BRK_TIM15_IRQHandler
 .text.HAL_Init
                0x000000000800151a       0x30 ./Drivers/STM32G4xx_HAL_Driver/Src/stm32g4xx_hal.o
                0x000000000800151a                HAL_Init
 *fill*         0x000000000800154a        0x2 
 .text.HAL_InitTick
                0x000000000800154c       0x74 ./Drivers/STM32G4xx_HAL_Driver/Src/stm32g4xx_hal.o
                0x000000000800154c                HAL_InitTick
 .text.HAL_IncTick
                0x00000000080015c0       0x24 ./Drivers/STM32G4xx_HAL_Driver/Src/stm32g4xx_hal.o
                0x00000000080015c0                HAL_IncTick
 .text.HAL_GetTick
                0x00000000080015e4       0x18 ./Drivers/STM32G4xx_HAL_Driver/Src/stm32g4xx_hal.o
                0x00000000080015e4                HAL_GetTick
 .text.HAL_Delay
                0x00000000080015fc       0x44 ./Drivers/STM32G4xx_HAL_Driver/Src/stm32g4xx_hal.o
                0x00000000080015fc                HAL_Delay
 .text.__NVIC_SetPriorityGrouping
                0x0000000008001640       0x48 ./Drivers/STM32G4xx_HAL_Driver/Src/stm32g4xx_hal_cortex.o
 .text.__NVIC_GetPriorityGrouping
                0x0000000008001688       0x1c ./Drivers/STM32G4xx_HAL_Driver/Src/stm32g4xx_hal_cortex.o
 .text.__NVIC_EnableIRQ
                0x00000000080016a4       0x3c ./Drivers/STM32G4xx_HAL_Driver/Src/stm32g4xx_hal_cortex.o
 .text.__NVIC_SetPriority
                0x00000000080016e0       0x54 ./Drivers/STM32G4xx_HAL_Driver/Src/stm32g4xx_hal_cortex.o
 .text.NVIC_EncodePriority
                0x0000000008001734       0x66 ./Drivers/STM32G4xx_HAL_Driver/Src/stm32g4xx_hal_cortex.o
 *fill*         0x000000000800179a        0x2 
 .text.SysTick_Config
                0x000000000800179c       0x44 ./Drivers/STM32G4xx_HAL_Driver/Src/stm32g4xx_hal_cortex.o
 .text.HAL_NVIC_SetPriorityGrouping
                0x00000000080017e0       0x16 ./Drivers/STM32G4xx_HAL_Driver/Src/stm32g4xx_hal_cortex.o
                0x00000000080017e0                HAL_NVIC_SetPriorityGrouping
 .text.HAL_NVIC_SetPriority
                0x00000000080017f6       0x34 ./Drivers/STM32G4xx_HAL_Driver/Src/stm32g4xx_hal_cortex.o
                0x00000000080017f6                HAL_NVIC_SetPriority
 .text.HAL_NVIC_EnableIRQ
                0x000000000800182a       0x1c ./Drivers/STM32G4xx_HAL_Driver/Src/stm32g4xx_hal_cortex.o
                0x000000000800182a                HAL_NVIC_EnableIRQ
 .text.HAL_SYSTICK_Config
                0x0000000008001846       0x18 ./Drivers/STM32G4xx_HAL_Driver/Src/stm32g4xx_hal_cortex.o
                0x0000000008001846                HAL_SYSTICK_Config
 *fill*         0x000000000800185e        0x2 
 .text.HAL_DMA_Init
                0x0000000008001860      0x150 ./Drivers/STM32G4xx_HAL_Driver/Src/stm32g4xx_hal_dma.o
                0x0000000008001860                HAL_DMA_Init
 .text.HAL_DMA_Start_IT
                0x00000000080019b0       0xf6 ./Drivers/STM32G4xx_HAL_Driver/Src/stm32g4xx_hal_dma.o
                0x00000000080019b0                HAL_DMA_Start_IT
 .text.HAL_DMA_Abort
                0x0000000008001aa6       0xb2 ./Drivers/STM32G4xx_HAL_Driver/Src/stm32g4xx_hal_dma.o
                0x0000000008001aa6                HAL_DMA_Abort
 .text.HAL_DMA_Abort_IT
                0x0000000008001b58       0xce ./Drivers/STM32G4xx_HAL_Driver/Src/stm32g4xx_hal_dma.o
                0x0000000008001b58                HAL_DMA_Abort_IT
 .text.HAL_DMA_IRQHandler
                0x0000000008001c26      0x15e ./Drivers/STM32G4xx_HAL_Driver/Src/stm32g4xx_hal_dma.o
                0x0000000008001c26                HAL_DMA_IRQHandler
 .text.HAL_DMA_GetState
                0x0000000008001d84       0x1c ./Drivers/STM32G4xx_HAL_Driver/Src/stm32g4xx_hal_dma.o
                0x0000000008001d84                HAL_DMA_GetState
 .text.DMA_SetConfig
                0x0000000008001da0       0x7c ./Drivers/STM32G4xx_HAL_Driver/Src/stm32g4xx_hal_dma.o
 .text.DMA_CalcDMAMUXChannelBaseAndMask
                0x0000000008001e1c       0x7c ./Drivers/STM32G4xx_HAL_Driver/Src/stm32g4xx_hal_dma.o
 .text.DMA_CalcDMAMUXRequestGenBaseAndMask
                0x0000000008001e98       0x48 ./Drivers/STM32G4xx_HAL_Driver/Src/stm32g4xx_hal_dma.o
 .text.HAL_GPIO_Init
                0x0000000008001ee0      0x304 ./Drivers/STM32G4xx_HAL_Driver/Src/stm32g4xx_hal_gpio.o
                0x0000000008001ee0                HAL_GPIO_Init
 .text.HAL_GPIO_WritePin
                0x00000000080021e4       0x30 ./Drivers/STM32G4xx_HAL_Driver/Src/stm32g4xx_hal_gpio.o
                0x00000000080021e4                HAL_GPIO_WritePin
 .text.HAL_GPIO_TogglePin
                0x0000000008002214       0x34 ./Drivers/STM32G4xx_HAL_Driver/Src/stm32g4xx_hal_gpio.o
                0x0000000008002214                HAL_GPIO_TogglePin
 .text.HAL_GPIO_EXTI_IRQHandler
                0x0000000008002248       0x30 ./Drivers/STM32G4xx_HAL_Driver/Src/stm32g4xx_hal_gpio.o
                0x0000000008002248                HAL_GPIO_EXTI_IRQHandler
 .text.HAL_GPIO_EXTI_Callback
                0x0000000008002278       0x16 ./Drivers/STM32G4xx_HAL_Driver/Src/stm32g4xx_hal_gpio.o
                0x0000000008002278                HAL_GPIO_EXTI_Callback
 .text.HAL_I2C_Init
                0x000000000800228e      0x136 ./Drivers/STM32G4xx_HAL_Driver/Src/stm32g4xx_hal_i2c.o
                0x000000000800228e                HAL_I2C_Init
 .text.HAL_I2C_Mem_Write_IT
                0x00000000080023c4      0x114 ./Drivers/STM32G4xx_HAL_Driver/Src/stm32g4xx_hal_i2c.o
                0x00000000080023c4                HAL_I2C_Mem_Write_IT
 .text.HAL_I2C_Mem_Read_IT
                0x00000000080024d8      0x10c ./Drivers/STM32G4xx_HAL_Driver/Src/stm32g4xx_hal_i2c.o
                0x00000000080024d8                HAL_I2C_Mem_Read_IT
 .text.HAL_I2C_EV_IRQHandler
                0x00000000080025e4       0x34 ./Drivers/STM32G4xx_HAL_Driver/Src/stm32g4xx_hal_i2c.o
                0x00000000080025e4                HAL_I2C_EV_IRQHandler
 .text.HAL_I2C_ER_IRQHandler
                0x0000000008002618       0xb6 ./Drivers/STM32G4xx_HAL_Driver/Src/stm32g4xx_hal_i2c.o
                0x0000000008002618                HAL_I2C_ER_IRQHandler
 .text.HAL_I2C_MasterTxCpltCallback
                0x00000000080026ce       0x14 ./Drivers/STM32G4xx_HAL_Driver/Src/stm32g4xx_hal_i2c.o
                0x00000000080026ce                HAL_I2C_MasterTxCpltCallback
 .text.HAL_I2C_MasterRxCpltCallback
                0x00000000080026e2       0x14 ./Drivers/STM32G4xx_HAL_Driver/Src/stm32g4xx_hal_i2c.o
                0x00000000080026e2                HAL_I2C_MasterRxCpltCallback
 .text.HAL_I2C_SlaveTxCpltCallback
                0x00000000080026f6       0x14 ./Drivers/STM32G4xx_HAL_Driver/Src/stm32g4xx_hal_i2c.o
                0x00000000080026f6                HAL_I2C_SlaveTxCpltCallback
 .text.HAL_I2C_SlaveRxCpltCallback
                0x000000000800270a       0x14 ./Drivers/STM32G4xx_HAL_Driver/Src/stm32g4xx_hal_i2c.o
                0x000000000800270a                HAL_I2C_SlaveRxCpltCallback
 .text.HAL_I2C_AddrCallback
                0x000000000800271e       0x1c ./Drivers/STM32G4xx_HAL_Driver/Src/stm32g4xx_hal_i2c.o
                0x000000000800271e                HAL_I2C_AddrCallback
 .text.HAL_I2C_ListenCpltCallback
                0x000000000800273a       0x14 ./Drivers/STM32G4xx_HAL_Driver/Src/stm32g4xx_hal_i2c.o
                0x000000000800273a                HAL_I2C_ListenCpltCallback
 .text.HAL_I2C_MemTxCpltCallback
                0x000000000800274e       0x14 ./Drivers/STM32G4xx_HAL_Driver/Src/stm32g4xx_hal_i2c.o
                0x000000000800274e                HAL_I2C_MemTxCpltCallback
 .text.HAL_I2C_MemRxCpltCallback
                0x0000000008002762       0x14 ./Drivers/STM32G4xx_HAL_Driver/Src/stm32g4xx_hal_i2c.o
                0x0000000008002762                HAL_I2C_MemRxCpltCallback
 .text.HAL_I2C_ErrorCallback
                0x0000000008002776       0x14 ./Drivers/STM32G4xx_HAL_Driver/Src/stm32g4xx_hal_i2c.o
                0x0000000008002776                HAL_I2C_ErrorCallback
 .text.HAL_I2C_AbortCpltCallback
                0x000000000800278a       0x14 ./Drivers/STM32G4xx_HAL_Driver/Src/stm32g4xx_hal_i2c.o
                0x000000000800278a                HAL_I2C_AbortCpltCallback
 *fill*         0x000000000800279e        0x2 
 .text.I2C_Mem_ISR_IT
                0x00000000080027a0      0x24c ./Drivers/STM32G4xx_HAL_Driver/Src/stm32g4xx_hal_i2c.o
 .text.I2C_Slave_ISR_IT
                0x00000000080029ec      0x1f2 ./Drivers/STM32G4xx_HAL_Driver/Src/stm32g4xx_hal_i2c.o
 .text.I2C_Master_ISR_DMA
                0x0000000008002bde      0x1d6 ./Drivers/STM32G4xx_HAL_Driver/Src/stm32g4xx_hal_i2c.o
 .text.I2C_Mem_ISR_DMA
                0x0000000008002db4      0x24c ./Drivers/STM32G4xx_HAL_Driver/Src/stm32g4xx_hal_i2c.o
 .text.I2C_Slave_ISR_DMA
                0x0000000008003000      0x1ae ./Drivers/STM32G4xx_HAL_Driver/Src/stm32g4xx_hal_i2c.o
 .text.I2C_ITAddrCplt
                0x00000000080031ae      0x108 ./Drivers/STM32G4xx_HAL_Driver/Src/stm32g4xx_hal_i2c.o
 .text.I2C_ITMasterSeqCplt
                0x00000000080032b6       0x7a ./Drivers/STM32G4xx_HAL_Driver/Src/stm32g4xx_hal_i2c.o
 .text.I2C_ITSlaveSeqCplt
                0x0000000008003330       0xb8 ./Drivers/STM32G4xx_HAL_Driver/Src/stm32g4xx_hal_i2c.o
 .text.I2C_ITMasterCplt
                0x00000000080033e8      0x190 ./Drivers/STM32G4xx_HAL_Driver/Src/stm32g4xx_hal_i2c.o
 .text.I2C_ITSlaveCplt
                0x0000000008003578      0x2c8 ./Drivers/STM32G4xx_HAL_Driver/Src/stm32g4xx_hal_i2c.o
 .text.I2C_ITListenCplt
                0x0000000008003840       0xa8 ./Drivers/STM32G4xx_HAL_Driver/Src/stm32g4xx_hal_i2c.o
 .text.I2C_ITError
                0x00000000080038e8      0x1e0 ./Drivers/STM32G4xx_HAL_Driver/Src/stm32g4xx_hal_i2c.o
 .text.I2C_TreatErrorCallback
                0x0000000008003ac8       0x4e ./Drivers/STM32G4xx_HAL_Driver/Src/stm32g4xx_hal_i2c.o
 .text.I2C_Flush_TXDR
                0x0000000008003b16       0x48 ./Drivers/STM32G4xx_HAL_Driver/Src/stm32g4xx_hal_i2c.o
 .text.I2C_DMAAbort
                0x0000000008003b5e       0x3c ./Drivers/STM32G4xx_HAL_Driver/Src/stm32g4xx_hal_i2c.o
 *fill*         0x0000000008003b9a        0x2 
 .text.I2C_TransferConfig
                0x0000000008003b9c       0x64 ./Drivers/STM32G4xx_HAL_Driver/Src/stm32g4xx_hal_i2c.o
 .text.I2C_Enable_IRQ
                0x0000000008003c00      0x108 ./Drivers/STM32G4xx_HAL_Driver/Src/stm32g4xx_hal_i2c.o
 .text.I2C_Disable_IRQ
                0x0000000008003d08       0xbc ./Drivers/STM32G4xx_HAL_Driver/Src/stm32g4xx_hal_i2c.o
 .text.HAL_I2CEx_ConfigAnalogFilter
                0x0000000008003dc4       0x96 ./Drivers/STM32G4xx_HAL_Driver/Src/stm32g4xx_hal_i2c_ex.o
                0x0000000008003dc4                HAL_I2CEx_ConfigAnalogFilter
 .text.HAL_I2CEx_ConfigDigitalFilter
                0x0000000008003e5a       0x98 ./Drivers/STM32G4xx_HAL_Driver/Src/stm32g4xx_hal_i2c_ex.o
                0x0000000008003e5a                HAL_I2CEx_ConfigDigitalFilter
 *fill*         0x0000000008003ef2        0x2 
 .text.HAL_PWREx_ControlVoltageScaling
                0x0000000008003ef4      0x148 ./Drivers/STM32G4xx_HAL_Driver/Src/stm32g4xx_hal_pwr_ex.o
                0x0000000008003ef4                HAL_PWREx_ControlVoltageScaling
 .text.HAL_PWREx_DisableUCPDDeadBattery
                0x000000000800403c       0x20 ./Drivers/STM32G4xx_HAL_Driver/Src/stm32g4xx_hal_pwr_ex.o
                0x000000000800403c                HAL_PWREx_DisableUCPDDeadBattery
 .text.HAL_RCC_OscConfig
                0x000000000800405c      0x624 ./Drivers/STM32G4xx_HAL_Driver/Src/stm32g4xx_hal_rcc.o
                0x000000000800405c                HAL_RCC_OscConfig
 .text.HAL_RCC_ClockConfig
                0x0000000008004680      0x278 ./Drivers/STM32G4xx_HAL_Driver/Src/stm32g4xx_hal_rcc.o
                0x0000000008004680                HAL_RCC_ClockConfig
 .text.HAL_RCC_GetSysClockFreq
                0x00000000080048f8       0xc4 ./Drivers/STM32G4xx_HAL_Driver/Src/stm32g4xx_hal_rcc.o
                0x00000000080048f8                HAL_RCC_GetSysClockFreq
 .text.HAL_RCC_GetHCLKFreq
                0x00000000080049bc       0x18 ./Drivers/STM32G4xx_HAL_Driver/Src/stm32g4xx_hal_rcc.o
                0x00000000080049bc                HAL_RCC_GetHCLKFreq
 .text.HAL_RCC_GetPCLK1Freq
                0x00000000080049d4       0x2c ./Drivers/STM32G4xx_HAL_Driver/Src/stm32g4xx_hal_rcc.o
                0x00000000080049d4                HAL_RCC_GetPCLK1Freq
 .text.HAL_RCC_GetPCLK2Freq
                0x0000000008004a00       0x2c ./Drivers/STM32G4xx_HAL_Driver/Src/stm32g4xx_hal_rcc.o
                0x0000000008004a00                HAL_RCC_GetPCLK2Freq
 .text.RCC_GetSysClockFreqFromPLLSource
                0x0000000008004a2c       0x8c ./Drivers/STM32G4xx_HAL_Driver/Src/stm32g4xx_hal_rcc.o
 .text.HAL_RCCEx_PeriphCLKConfig
                0x0000000008004ab8      0x49c ./Drivers/STM32G4xx_HAL_Driver/Src/stm32g4xx_hal_rcc_ex.o
                0x0000000008004ab8                HAL_RCCEx_PeriphCLKConfig
 .text.HAL_UART_Init
                0x0000000008004f54       0xa0 ./Drivers/STM32G4xx_HAL_Driver/Src/stm32g4xx_hal_uart.o
                0x0000000008004f54                HAL_UART_Init
 .text.HAL_UART_Transmit
                0x0000000008004ff4      0x11c ./Drivers/STM32G4xx_HAL_Driver/Src/stm32g4xx_hal_uart.o
                0x0000000008004ff4                HAL_UART_Transmit
 .text.HAL_UART_Receive_DMA
                0x0000000008005110       0x98 ./Drivers/STM32G4xx_HAL_Driver/Src/stm32g4xx_hal_uart.o
                0x0000000008005110                HAL_UART_Receive_DMA
 .text.HAL_UART_IRQHandler
                0x00000000080051a8      0x648 ./Drivers/STM32G4xx_HAL_Driver/Src/stm32g4xx_hal_uart.o
                0x00000000080051a8                HAL_UART_IRQHandler
 .text.HAL_UART_TxCpltCallback
                0x00000000080057f0       0x14 ./Drivers/STM32G4xx_HAL_Driver/Src/stm32g4xx_hal_uart.o
                0x00000000080057f0                HAL_UART_TxCpltCallback
 .text.HAL_UART_RxCpltCallback
                0x0000000008005804       0x14 ./Drivers/STM32G4xx_HAL_Driver/Src/stm32g4xx_hal_uart.o
                0x0000000008005804                HAL_UART_RxCpltCallback
 .text.HAL_UART_RxHalfCpltCallback
                0x0000000008005818       0x14 ./Drivers/STM32G4xx_HAL_Driver/Src/stm32g4xx_hal_uart.o
                0x0000000008005818                HAL_UART_RxHalfCpltCallback
 .text.HAL_UART_ErrorCallback
                0x000000000800582c       0x14 ./Drivers/STM32G4xx_HAL_Driver/Src/stm32g4xx_hal_uart.o
                0x000000000800582c                HAL_UART_ErrorCallback
 .text.HAL_UARTEx_RxEventCallback
                0x0000000008005840       0x18 ./Drivers/STM32G4xx_HAL_Driver/Src/stm32g4xx_hal_uart.o
                0x0000000008005840                HAL_UARTEx_RxEventCallback
 .text.UART_SetConfig
                0x0000000008005858      0x5f8 ./Drivers/STM32G4xx_HAL_Driver/Src/stm32g4xx_hal_uart.o
                0x0000000008005858                UART_SetConfig
 .text.UART_AdvFeatureConfig
                0x0000000008005e50      0x144 ./Drivers/STM32G4xx_HAL_Driver/Src/stm32g4xx_hal_uart.o
                0x0000000008005e50                UART_AdvFeatureConfig
 .text.UART_CheckIdleState
                0x0000000008005f94      0x154 ./Drivers/STM32G4xx_HAL_Driver/Src/stm32g4xx_hal_uart.o
                0x0000000008005f94                UART_CheckIdleState
 .text.UART_WaitOnFlagUntilTimeout
                0x00000000080060e8       0xda ./Drivers/STM32G4xx_HAL_Driver/Src/stm32g4xx_hal_uart.o
                0x00000000080060e8                UART_WaitOnFlagUntilTimeout
 *fill*         0x00000000080061c2        0x2 
 .text.UART_Start_Receive_DMA
                0x00000000080061c4      0x14c ./Drivers/STM32G4xx_HAL_Driver/Src/stm32g4xx_hal_uart.o
                0x00000000080061c4                UART_Start_Receive_DMA
 .text.UART_EndTxTransfer
                0x0000000008006310       0x82 ./Drivers/STM32G4xx_HAL_Driver/Src/stm32g4xx_hal_uart.o
 .text.UART_EndRxTransfer
                0x0000000008006392       0xcc ./Drivers/STM32G4xx_HAL_Driver/Src/stm32g4xx_hal_uart.o
 .text.UART_DMAReceiveCplt
                0x000000000800645e      0x12c ./Drivers/STM32G4xx_HAL_Driver/Src/stm32g4xx_hal_uart.o
 .text.UART_DMARxHalfCplt
                0x000000000800658a       0x3e ./Drivers/STM32G4xx_HAL_Driver/Src/stm32g4xx_hal_uart.o
 .text.UART_DMAError
                0x00000000080065c8       0x80 ./Drivers/STM32G4xx_HAL_Driver/Src/stm32g4xx_hal_uart.o
 .text.UART_DMAAbortOnError
                0x0000000008006648       0x2c ./Drivers/STM32G4xx_HAL_Driver/Src/stm32g4xx_hal_uart.o
 .text.UART_EndTransmit_IT
                0x0000000008006674       0x56 ./Drivers/STM32G4xx_HAL_Driver/Src/stm32g4xx_hal_uart.o
 .text.HAL_UARTEx_WakeupCallback
                0x00000000080066ca       0x14 ./Drivers/STM32G4xx_HAL_Driver/Src/stm32g4xx_hal_uart_ex.o
                0x00000000080066ca                HAL_UARTEx_WakeupCallback
 .text.HAL_UARTEx_RxFifoFullCallback
                0x00000000080066de       0x14 ./Drivers/STM32G4xx_HAL_Driver/Src/stm32g4xx_hal_uart_ex.o
                0x00000000080066de                HAL_UARTEx_RxFifoFullCallback
 .text.HAL_UARTEx_TxFifoEmptyCallback
                0x00000000080066f2       0x14 ./Drivers/STM32G4xx_HAL_Driver/Src/stm32g4xx_hal_uart_ex.o
                0x00000000080066f2                HAL_UARTEx_TxFifoEmptyCallback
 .text.HAL_UARTEx_DisableFifoMode
                0x0000000008006706       0x72 ./Drivers/STM32G4xx_HAL_Driver/Src/stm32g4xx_hal_uart_ex.o
                0x0000000008006706                HAL_UARTEx_DisableFifoMode
 .text.HAL_UARTEx_SetTxFifoThreshold
                0x0000000008006778       0x7c ./Drivers/STM32G4xx_HAL_Driver/Src/stm32g4xx_hal_uart_ex.o
                0x0000000008006778                HAL_UARTEx_SetTxFifoThreshold
 .text.HAL_UARTEx_SetRxFifoThreshold
                0x00000000080067f4       0x7c ./Drivers/STM32G4xx_HAL_Driver/Src/stm32g4xx_hal_uart_ex.o
                0x00000000080067f4                HAL_UARTEx_SetRxFifoThreshold
 .text.UARTEx_SetNbDataToProcess
                0x0000000008006870       0x9c ./Drivers/STM32G4xx_HAL_Driver/Src/stm32g4xx_hal_uart_ex.o
 .text.memset   0x000000000800690c       0x10 D:/STM32CubeIDE_1.13.2/STM32CubeIDE/plugins/com.st.stm32cube.ide.mcu.externaltools.gnu-tools-for-stm32.11.3.rel1.win32_1.1.100.202309141235/tools/bin/../lib/gcc/arm-none-eabi/11.3.1/../../../../arm-none-eabi/lib/thumb/v7e-m+fp/hard\libc_nano.a(libc_a-memset.o)
                0x000000000800690c                memset
 .text.__libc_init_array
                0x000000000800691c       0x48 D:/STM32CubeIDE_1.13.2/STM32CubeIDE/plugins/com.st.stm32cube.ide.mcu.externaltools.gnu-tools-for-stm32.11.3.rel1.win32_1.1.100.202309141235/tools/bin/../lib/gcc/arm-none-eabi/11.3.1/../../../../arm-none-eabi/lib/thumb/v7e-m+fp/hard\libc_nano.a(libc_a-init.o)
                0x000000000800691c                __libc_init_array
 *(.glue_7)
 .glue_7        0x0000000008006964        0x0 linker stubs
 *(.glue_7t)
 .glue_7t       0x0000000008006964        0x0 linker stubs
 *(.eh_frame)
 .eh_frame      0x0000000008006964        0x0 D:/STM32CubeIDE_1.13.2/STM32CubeIDE/plugins/com.st.stm32cube.ide.mcu.externaltools.gnu-tools-for-stm32.11.3.rel1.win32_1.1.100.202309141235/tools/bin/../lib/gcc/arm-none-eabi/11.3.1/thumb/v7e-m+fp/hard/crtbegin.o
 *(.init)
 .init          0x0000000008006964        0x4 D:/STM32CubeIDE_1.13.2/STM32CubeIDE/plugins/com.st.stm32cube.ide.mcu.externaltools.gnu-tools-for-stm32.11.3.rel1.win32_1.1.100.202309141235/tools/bin/../lib/gcc/arm-none-eabi/11.3.1/thumb/v7e-m+fp/hard/crti.o
                0x0000000008006964                _init
 .init          0x0000000008006968        0x8 D:/STM32CubeIDE_1.13.2/STM32CubeIDE/plugins/com.st.stm32cube.ide.mcu.externaltools.gnu-tools-for-stm32.11.3.rel1.win32_1.1.100.202309141235/tools/bin/../lib/gcc/arm-none-eabi/11.3.1/thumb/v7e-m+fp/hard/crtn.o
 *(.fini)
 .fini          0x0000000008006970        0x4 D:/STM32CubeIDE_1.13.2/STM32CubeIDE/plugins/com.st.stm32cube.ide.mcu.externaltools.gnu-tools-for-stm32.11.3.rel1.win32_1.1.100.202309141235/tools/bin/../lib/gcc/arm-none-eabi/11.3.1/thumb/v7e-m+fp/hard/crti.o
                0x0000000008006970                _fini
 .fini          0x0000000008006974        0x8 D:/STM32CubeIDE_1.13.2/STM32CubeIDE/plugins/com.st.stm32cube.ide.mcu.externaltools.gnu-tools-for-stm32.11.3.rel1.win32_1.1.100.202309141235/tools/bin/../lib/gcc/arm-none-eabi/11.3.1/thumb/v7e-m+fp/hard/crtn.o
                0x000000000800697c                . = ALIGN (0x4)
                0x000000000800697c                _etext = .

.vfp11_veneer   0x000000000800697c        0x0
 .vfp11_veneer  0x000000000800697c        0x0 linker stubs

.v4_bx          0x000000000800697c        0x0
 .v4_bx         0x000000000800697c        0x0 linker stubs

.iplt           0x000000000800697c        0x0
 .iplt          0x000000000800697c        0x0 D:/STM32CubeIDE_1.13.2/STM32CubeIDE/plugins/com.st.stm32cube.ide.mcu.externaltools.gnu-tools-for-stm32.11.3.rel1.win32_1.1.100.202309141235/tools/bin/../lib/gcc/arm-none-eabi/11.3.1/thumb/v7e-m+fp/hard/crtbegin.o

.rodata         0x000000000800697c       0x84
                0x000000000800697c                . = ALIGN (0x4)
 *(.rodata)
 .rodata        0x000000000800697c       0x42 ./Core/Src/main.o
 *(.rodata*)
 *fill*         0x00000000080069be        0x2 
 .rodata.AHBPrescTable
                0x00000000080069c0       0x10 ./Core/Src/system_stm32g4xx.o
                0x00000000080069c0                AHBPrescTable
 .rodata.APBPrescTable
                0x00000000080069d0        0x8 ./Core/Src/system_stm32g4xx.o
                0x00000000080069d0                APBPrescTable
 .rodata.UARTPrescTable
                0x00000000080069d8       0x18 ./Drivers/STM32G4xx_HAL_Driver/Src/stm32g4xx_hal_uart.o
                0x00000000080069d8                UARTPrescTable
 .rodata.numerator.1
                0x00000000080069f0        0x8 ./Drivers/STM32G4xx_HAL_Driver/Src/stm32g4xx_hal_uart_ex.o
 .rodata.denominator.0
                0x00000000080069f8        0x8 ./Drivers/STM32G4xx_HAL_Driver/Src/stm32g4xx_hal_uart_ex.o
                0x0000000008006a00                . = ALIGN (0x4)

.ARM.extab      0x0000000008006a00        0x0
                0x0000000008006a00                . = ALIGN (0x4)
 *(.ARM.extab* .gnu.linkonce.armextab.*)
                0x0000000008006a00                . = ALIGN (0x4)

.ARM            0x0000000008006a00        0x8
                0x0000000008006a00                . = ALIGN (0x4)
                0x0000000008006a00                __exidx_start = .
 *(.ARM.exidx*)
 .ARM.exidx     0x0000000008006a00        0x8 D:/STM32CubeIDE_1.13.2/STM32CubeIDE/plugins/com.st.stm32cube.ide.mcu.externaltools.gnu-tools-for-stm32.11.3.rel1.win32_1.1.100.202309141235/tools/bin/../lib/gcc/arm-none-eabi/11.3.1/thumb/v7e-m+fp/hard\libgcc.a(_udivmoddi4.o)
                0x0000000008006a08                __exidx_end = .
                0x0000000008006a08                . = ALIGN (0x4)

.rel.dyn        0x0000000008006a08        0x0
 .rel.iplt      0x0000000008006a08        0x0 D:/STM32CubeIDE_1.13.2/STM32CubeIDE/plugins/com.st.stm32cube.ide.mcu.externaltools.gnu-tools-for-stm32.11.3.rel1.win32_1.1.100.202309141235/tools/bin/../lib/gcc/arm-none-eabi/11.3.1/thumb/v7e-m+fp/hard/crtbegin.o

.preinit_array  0x0000000008006a08        0x0
                0x0000000008006a08                . = ALIGN (0x4)
                0x0000000008006a08                PROVIDE (__preinit_array_start = .)
 *(.preinit_array*)
                0x0000000008006a08                PROVIDE (__preinit_array_end = .)
                0x0000000008006a08                . = ALIGN (0x4)

.init_array     0x0000000008006a08        0x4
                0x0000000008006a08                . = ALIGN (0x4)
                0x0000000008006a08                PROVIDE (__init_array_start = .)
 *(SORT_BY_NAME(.init_array.*))
 *(.init_array*)
 .init_array    0x0000000008006a08        0x4 D:/STM32CubeIDE_1.13.2/STM32CubeIDE/plugins/com.st.stm32cube.ide.mcu.externaltools.gnu-tools-for-stm32.11.3.rel1.win32_1.1.100.202309141235/tools/bin/../lib/gcc/arm-none-eabi/11.3.1/thumb/v7e-m+fp/hard/crtbegin.o
                0x0000000008006a0c                PROVIDE (__init_array_end = .)
                0x0000000008006a0c                . = ALIGN (0x4)

.fini_array     0x0000000008006a0c        0x4
                0x0000000008006a0c                . = ALIGN (0x4)
                [!provide]                        PROVIDE (__fini_array_start = .)
 *(SORT_BY_NAME(.fini_array.*))
 *(.fini_array*)
 .fini_array    0x0000000008006a0c        0x4 D:/STM32CubeIDE_1.13.2/STM32CubeIDE/plugins/com.st.stm32cube.ide.mcu.externaltools.gnu-tools-for-stm32.11.3.rel1.win32_1.1.100.202309141235/tools/bin/../lib/gcc/arm-none-eabi/11.3.1/thumb/v7e-m+fp/hard/crtbegin.o
                [!provide]                        PROVIDE (__fini_array_end = .)
                0x0000000008006a10                . = ALIGN (0x4)
                0x0000000008006a10                _sidata = LOADADDR (.data)

.data           0x0000000020000000      0x2f0 load address 0x0000000008006a10
                0x0000000020000000                . = ALIGN (0x4)
                0x0000000020000000                _sdata = .
 *(.data)
 *(.data*)
 .data.Hx       0x0000000020000000       0x1e ./Core/Src/main.o
                0x0000000020000000                Hx
 *fill*         0x000000002000001e        0x2 
 .data.Tx1      0x0000000020000020       0x64 ./Core/Src/main.o
                0x0000000020000020                Tx1
 .data.Tx2      0x0000000020000084       0x64 ./Core/Src/main.o
                0x0000000020000084                Tx2
 .data.Tx3      0x00000000200000e8       0x64 ./Core/Src/main.o
                0x00000000200000e8                Tx3
 .data.Ax1      0x000000002000014c       0x28 ./Core/Src/main.o
                0x000000002000014c                Ax1
 .data.res1     0x0000000020000174       0x1e ./Core/Src/main.o
                0x0000000020000174                res1
 *fill*         0x0000000020000192        0x2 
 .data.res2     0x0000000020000194       0x1e ./Core/Src/main.o
                0x0000000020000194                res2
 *fill*         0x00000000200001b2        0x2 
 .data.ToT      0x00000000200001b4       0x1e ./Core/Src/main.o
                0x00000000200001b4                ToT
 *fill*         0x00000000200001d2        0x2 
 .data.ToT2     0x00000000200001d4       0x32 ./Core/Src/main.o
                0x00000000200001d4                ToT2
 *fill*         0x0000000020000206        0x2 
 .data.S        0x0000000020000208       0x32 ./Core/Src/main.o
                0x0000000020000208                S
 *fill*         0x000000002000023a        0x2 
 .data.S1       0x000000002000023c       0x32 ./Core/Src/main.o
                0x000000002000023c                S1
 *fill*         0x000000002000026e        0x2 
 .data.S2       0x0000000020000270       0x32 ./Core/Src/main.o
                0x0000000020000270                S2
 *fill*         0x00000000200002a2        0x2 
 .data.S3       0x00000000200002a4       0x32 ./Core/Src/main.o
                0x00000000200002a4                S3
 *fill*         0x00000000200002d6        0x2 
 .data.ReadBack
                0x00000000200002d8        0x4 ./Core/Src/main.o
                0x00000000200002d8                ReadBack
 .data.A        0x00000000200002dc        0x4 ./Core/Src/main.o
                0x00000000200002dc                A
 .data.B        0x00000000200002e0        0x4 ./Core/Src/main.o
                0x00000000200002e0                B
 .data.SystemCoreClock
                0x00000000200002e4        0x4 ./Core/Src/system_stm32g4xx.o
                0x00000000200002e4                SystemCoreClock
 .data.uwTickPrio
                0x00000000200002e8        0x4 ./Drivers/STM32G4xx_HAL_Driver/Src/stm32g4xx_hal.o
                0x00000000200002e8                uwTickPrio
 .data.uwTickFreq
                0x00000000200002ec        0x4 ./Drivers/STM32G4xx_HAL_Driver/Src/stm32g4xx_hal.o
                0x00000000200002ec                uwTickFreq
 *(.RamFunc)
 *(.RamFunc*)
                0x00000000200002f0                . = ALIGN (0x4)
                0x00000000200002f0                _edata = .

.igot.plt       0x00000000200002f0        0x0 load address 0x0000000008006d00
 .igot.plt      0x00000000200002f0        0x0 D:/STM32CubeIDE_1.13.2/STM32CubeIDE/plugins/com.st.stm32cube.ide.mcu.externaltools.gnu-tools-for-stm32.11.3.rel1.win32_1.1.100.202309141235/tools/bin/../lib/gcc/arm-none-eabi/11.3.1/thumb/v7e-m+fp/hard/crtbegin.o
                0x00000000200002f0                . = ALIGN (0x4)

.bss            0x00000000200002f0      0x3fc load address 0x0000000008006d00
                0x00000000200002f0                _sbss = .
                0x00000000200002f0                __bss_start__ = _sbss
 *(.bss)
 .bss           0x00000000200002f0       0x1c D:/STM32CubeIDE_1.13.2/STM32CubeIDE/plugins/com.st.stm32cube.ide.mcu.externaltools.gnu-tools-for-stm32.11.3.rel1.win32_1.1.100.202309141235/tools/bin/../lib/gcc/arm-none-eabi/11.3.1/thumb/v7e-m+fp/hard/crtbegin.o
 *(.bss*)
 .bss.hi2c1     0x000000002000030c       0x54 ./Core/Src/main.o
                0x000000002000030c                hi2c1
 .bss.hdma_i2c1_rx
                0x0000000020000360       0x60 ./Core/Src/main.o
                0x0000000020000360                hdma_i2c1_rx
 .bss.hdma_i2c1_tx
                0x00000000200003c0       0x60 ./Core/Src/main.o
                0x00000000200003c0                hdma_i2c1_tx
 .bss.hlpuart1  0x0000000020000420       0x94 ./Core/Src/main.o
                0x0000000020000420                hlpuart1
 .bss.huart1    0x00000000200004b4       0x94 ./Core/Src/main.o
                0x00000000200004b4                huart1
 .bss.hdma_lpuart1_tx
                0x0000000020000548       0x60 ./Core/Src/main.o
                0x0000000020000548                hdma_lpuart1_tx
 .bss.hdma_lpuart1_rx
                0x00000000200005a8       0x60 ./Core/Src/main.o
                0x00000000200005a8                hdma_lpuart1_rx
 .bss.hdma_usart1_rx
                0x0000000020000608       0x60 ./Core/Src/main.o
                0x0000000020000608                hdma_usart1_rx
 .bss.hdma_usart1_tx
                0x0000000020000668       0x60 ./Core/Src/main.o
                0x0000000020000668                hdma_usart1_tx
 .bss.GetAns    0x00000000200006c8        0x2 ./Core/Src/main.o
                0x00000000200006c8                GetAns
 .bss.s1        0x00000000200006ca        0x1 ./Core/Src/main.o
                0x00000000200006ca                s1
 .bss.s2        0x00000000200006cb        0x1 ./Core/Src/main.o
                0x00000000200006cb                s2
 .bss.s3        0x00000000200006cc        0x1 ./Core/Src/main.o
                0x00000000200006cc                s3
 *fill*         0x00000000200006cd        0x3 
 .bss.mode      0x00000000200006d0        0x4 ./Core/Src/main.o
                0x00000000200006d0                mode
 .bss.TotalScore
                0x00000000200006d4        0x1 ./Core/Src/main.o
                0x00000000200006d4                TotalScore
 .bss.WriteFlag
                0x00000000200006d5        0x1 ./Core/Src/main.o
                0x00000000200006d5                WriteFlag
 .bss.ReadFlag  0x00000000200006d6        0x1 ./Core/Src/main.o
                0x00000000200006d6                ReadFlag
 *fill*         0x00000000200006d7        0x1 
 .bss.C         0x00000000200006d8        0x4 ./Core/Src/main.o
                0x00000000200006d8                C
 .bss.State     0x00000000200006dc        0x4 ./Core/Src/main.o
                0x00000000200006dc                State
 .bss.data.1    0x00000000200006e0        0x4 ./Core/Src/main.o
 .bss.timestamp.0
                0x00000000200006e4        0x4 ./Core/Src/main.o
 .bss.uwTick    0x00000000200006e8        0x4 ./Drivers/STM32G4xx_HAL_Driver/Src/stm32g4xx_hal.o
                0x00000000200006e8                uwTick
 *(COMMON)
                0x00000000200006ec                . = ALIGN (0x4)
                0x00000000200006ec                _ebss = .
                0x00000000200006ec                __bss_end__ = _ebss

._user_heap_stack
                0x00000000200006ec      0x604 load address 0x0000000008006d00
                0x00000000200006f0                . = ALIGN (0x8)
 *fill*         0x00000000200006ec        0x4 
                [!provide]                        PROVIDE (end = .)
                0x00000000200006f0                PROVIDE (_end = .)
                0x00000000200008f0                . = (. + _Min_Heap_Size)
 *fill*         0x00000000200006f0      0x200 
                0x0000000020000cf0                . = (. + _Min_Stack_Size)
 *fill*         0x00000000200008f0      0x400 
                0x0000000020000cf0                . = ALIGN (0x8)

/DISCARD/
 libc.a(*)
 libm.a(*)
 libgcc.a(*)

.ARM.attributes
                0x0000000000000000       0x30
 *(.ARM.attributes)
 .ARM.attributes
                0x0000000000000000       0x1e D:/STM32CubeIDE_1.13.2/STM32CubeIDE/plugins/com.st.stm32cube.ide.mcu.externaltools.gnu-tools-for-stm32.11.3.rel1.win32_1.1.100.202309141235/tools/bin/../lib/gcc/arm-none-eabi/11.3.1/thumb/v7e-m+fp/hard/crti.o
 .ARM.attributes
                0x000000000000001e       0x34 D:/STM32CubeIDE_1.13.2/STM32CubeIDE/plugins/com.st.stm32cube.ide.mcu.externaltools.gnu-tools-for-stm32.11.3.rel1.win32_1.1.100.202309141235/tools/bin/../lib/gcc/arm-none-eabi/11.3.1/thumb/v7e-m+fp/hard/crtbegin.o
 .ARM.attributes
                0x0000000000000052       0x34 ./Core/Src/main.o
 .ARM.attributes
                0x0000000000000086       0x34 ./Core/Src/stm32g4xx_hal_msp.o
 .ARM.attributes
                0x00000000000000ba       0x34 ./Core/Src/stm32g4xx_it.o
 .ARM.attributes
                0x00000000000000ee       0x34 ./Core/Src/system_stm32g4xx.o
 .ARM.attributes
                0x0000000000000122       0x21 ./Core/Startup/startup_stm32g474retx.o
 .ARM.attributes
                0x0000000000000143       0x34 ./Drivers/STM32G4xx_HAL_Driver/Src/stm32g4xx_hal.o
 .ARM.attributes
                0x0000000000000177       0x34 ./Drivers/STM32G4xx_HAL_Driver/Src/stm32g4xx_hal_cortex.o
 .ARM.attributes
                0x00000000000001ab       0x34 ./Drivers/STM32G4xx_HAL_Driver/Src/stm32g4xx_hal_dma.o
 .ARM.attributes
                0x00000000000001df       0x34 ./Drivers/STM32G4xx_HAL_Driver/Src/stm32g4xx_hal_gpio.o
 .ARM.attributes
                0x0000000000000213       0x34 ./Drivers/STM32G4xx_HAL_Driver/Src/stm32g4xx_hal_i2c.o
 .ARM.attributes
                0x0000000000000247       0x34 ./Drivers/STM32G4xx_HAL_Driver/Src/stm32g4xx_hal_i2c_ex.o
 .ARM.attributes
                0x000000000000027b       0x34 ./Drivers/STM32G4xx_HAL_Driver/Src/stm32g4xx_hal_pwr_ex.o
 .ARM.attributes
                0x00000000000002af       0x34 ./Drivers/STM32G4xx_HAL_Driver/Src/stm32g4xx_hal_rcc.o
 .ARM.attributes
                0x00000000000002e3       0x34 ./Drivers/STM32G4xx_HAL_Driver/Src/stm32g4xx_hal_rcc_ex.o
 .ARM.attributes
                0x0000000000000317       0x34 ./Drivers/STM32G4xx_HAL_Driver/Src/stm32g4xx_hal_uart.o
 .ARM.attributes
                0x000000000000034b       0x34 ./Drivers/STM32G4xx_HAL_Driver/Src/stm32g4xx_hal_uart_ex.o
 .ARM.attributes
                0x000000000000037f       0x34 D:/STM32CubeIDE_1.13.2/STM32CubeIDE/plugins/com.st.stm32cube.ide.mcu.externaltools.gnu-tools-for-stm32.11.3.rel1.win32_1.1.100.202309141235/tools/bin/../lib/gcc/arm-none-eabi/11.3.1/../../../../arm-none-eabi/lib/thumb/v7e-m+fp/hard\libc_nano.a(libc_a-memset.o)
 .ARM.attributes
                0x00000000000003b3       0x34 D:/STM32CubeIDE_1.13.2/STM32CubeIDE/plugins/com.st.stm32cube.ide.mcu.externaltools.gnu-tools-for-stm32.11.3.rel1.win32_1.1.100.202309141235/tools/bin/../lib/gcc/arm-none-eabi/11.3.1/../../../../arm-none-eabi/lib/thumb/v7e-m+fp/hard\libc_nano.a(libc_a-init.o)
 .ARM.attributes
                0x00000000000003e7       0x17 D:/STM32CubeIDE_1.13.2/STM32CubeIDE/plugins/com.st.stm32cube.ide.mcu.externaltools.gnu-tools-for-stm32.11.3.rel1.win32_1.1.100.202309141235/tools/bin/../lib/gcc/arm-none-eabi/11.3.1/../../../../arm-none-eabi/lib/thumb/v7e-m+fp/hard\libc_nano.a(libc_a-strlen.o)
 .ARM.attributes
                0x00000000000003fe       0x1e D:/STM32CubeIDE_1.13.2/STM32CubeIDE/plugins/com.st.stm32cube.ide.mcu.externaltools.gnu-tools-for-stm32.11.3.rel1.win32_1.1.100.202309141235/tools/bin/../lib/gcc/arm-none-eabi/11.3.1/thumb/v7e-m+fp/hard\libgcc.a(_aeabi_uldivmod.o)
 .ARM.attributes
                0x000000000000041c       0x34 D:/STM32CubeIDE_1.13.2/STM32CubeIDE/plugins/com.st.stm32cube.ide.mcu.externaltools.gnu-tools-for-stm32.11.3.rel1.win32_1.1.100.202309141235/tools/bin/../lib/gcc/arm-none-eabi/11.3.1/thumb/v7e-m+fp/hard\libgcc.a(_udivmoddi4.o)
 .ARM.attributes
                0x0000000000000450       0x1e D:/STM32CubeIDE_1.13.2/STM32CubeIDE/plugins/com.st.stm32cube.ide.mcu.externaltools.gnu-tools-for-stm32.11.3.rel1.win32_1.1.100.202309141235/tools/bin/../lib/gcc/arm-none-eabi/11.3.1/thumb/v7e-m+fp/hard\libgcc.a(_dvmd_tls.o)
 .ARM.attributes
                0x000000000000046e       0x1e D:/STM32CubeIDE_1.13.2/STM32CubeIDE/plugins/com.st.stm32cube.ide.mcu.externaltools.gnu-tools-for-stm32.11.3.rel1.win32_1.1.100.202309141235/tools/bin/../lib/gcc/arm-none-eabi/11.3.1/thumb/v7e-m+fp/hard/crtn.o
OUTPUT(Lab3 Game.elf elf32-littlearm)
LOAD linker stubs
LOAD D:/STM32CubeIDE_1.13.2/STM32CubeIDE/plugins/com.st.stm32cube.ide.mcu.externaltools.gnu-tools-for-stm32.11.3.rel1.win32_1.1.100.202309141235/tools/bin/../lib/gcc/arm-none-eabi/11.3.1/../../../../arm-none-eabi/lib/thumb/v7e-m+fp/hard\libc.a
LOAD D:/STM32CubeIDE_1.13.2/STM32CubeIDE/plugins/com.st.stm32cube.ide.mcu.externaltools.gnu-tools-for-stm32.11.3.rel1.win32_1.1.100.202309141235/tools/bin/../lib/gcc/arm-none-eabi/11.3.1/../../../../arm-none-eabi/lib/thumb/v7e-m+fp/hard\libm.a
LOAD D:/STM32CubeIDE_1.13.2/STM32CubeIDE/plugins/com.st.stm32cube.ide.mcu.externaltools.gnu-tools-for-stm32.11.3.rel1.win32_1.1.100.202309141235/tools/bin/../lib/gcc/arm-none-eabi/11.3.1/thumb/v7e-m+fp/hard\libgcc.a

.comment        0x0000000000000000       0x43
 .comment       0x0000000000000000       0x43 D:/STM32CubeIDE_1.13.2/STM32CubeIDE/plugins/com.st.stm32cube.ide.mcu.externaltools.gnu-tools-for-stm32.11.3.rel1.win32_1.1.100.202309141235/tools/bin/../lib/gcc/arm-none-eabi/11.3.1/thumb/v7e-m+fp/hard/crtbegin.o
                                         0x44 (size before relaxing)
 .comment       0x0000000000000043       0x44 ./Core/Src/main.o
 .comment       0x0000000000000043       0x44 ./Core/Src/stm32g4xx_hal_msp.o
 .comment       0x0000000000000043       0x44 ./Core/Src/stm32g4xx_it.o
 .comment       0x0000000000000043       0x44 ./Core/Src/system_stm32g4xx.o
 .comment       0x0000000000000043       0x44 ./Drivers/STM32G4xx_HAL_Driver/Src/stm32g4xx_hal.o
 .comment       0x0000000000000043       0x44 ./Drivers/STM32G4xx_HAL_Driver/Src/stm32g4xx_hal_cortex.o
 .comment       0x0000000000000043       0x44 ./Drivers/STM32G4xx_HAL_Driver/Src/stm32g4xx_hal_dma.o
 .comment       0x0000000000000043       0x44 ./Drivers/STM32G4xx_HAL_Driver/Src/stm32g4xx_hal_gpio.o
 .comment       0x0000000000000043       0x44 ./Drivers/STM32G4xx_HAL_Driver/Src/stm32g4xx_hal_i2c.o
 .comment       0x0000000000000043       0x44 ./Drivers/STM32G4xx_HAL_Driver/Src/stm32g4xx_hal_i2c_ex.o
 .comment       0x0000000000000043       0x44 ./Drivers/STM32G4xx_HAL_Driver/Src/stm32g4xx_hal_pwr_ex.o
 .comment       0x0000000000000043       0x44 ./Drivers/STM32G4xx_HAL_Driver/Src/stm32g4xx_hal_rcc.o
 .comment       0x0000000000000043       0x44 ./Drivers/STM32G4xx_HAL_Driver/Src/stm32g4xx_hal_rcc_ex.o
 .comment       0x0000000000000043       0x44 ./Drivers/STM32G4xx_HAL_Driver/Src/stm32g4xx_hal_uart.o
 .comment       0x0000000000000043       0x44 ./Drivers/STM32G4xx_HAL_Driver/Src/stm32g4xx_hal_uart_ex.o

.debug_info     0x0000000000000000    0x10f45
 .debug_info    0x0000000000000000     0x196b ./Core/Src/main.o
 .debug_info    0x000000000000196b     0x1479 ./Core/Src/stm32g4xx_hal_msp.o
 .debug_info    0x0000000000002de4      0xc9c ./Core/Src/stm32g4xx_it.o
 .debug_info    0x0000000000003a80      0x58e ./Core/Src/system_stm32g4xx.o
 .debug_info    0x000000000000400e       0x23 ./Core/Startup/startup_stm32g474retx.o
 .debug_info    0x0000000000004031      0xb95 ./Drivers/STM32G4xx_HAL_Driver/Src/stm32g4xx_hal.o
 .debug_info    0x0000000000004bc6      0xdad ./Drivers/STM32G4xx_HAL_Driver/Src/stm32g4xx_hal_cortex.o
 .debug_info    0x0000000000005973      0x85f ./Drivers/STM32G4xx_HAL_Driver/Src/stm32g4xx_hal_dma.o
 .debug_info    0x00000000000061d2      0x763 ./Drivers/STM32G4xx_HAL_Driver/Src/stm32g4xx_hal_gpio.o
 .debug_info    0x0000000000006935     0x21db ./Drivers/STM32G4xx_HAL_Driver/Src/stm32g4xx_hal_i2c.o
 .debug_info    0x0000000000008b10      0xad6 ./Drivers/STM32G4xx_HAL_Driver/Src/stm32g4xx_hal_i2c_ex.o
 .debug_info    0x00000000000095e6      0x93f ./Drivers/STM32G4xx_HAL_Driver/Src/stm32g4xx_hal_pwr_ex.o
 .debug_info    0x0000000000009f25      0xbe0 ./Drivers/STM32G4xx_HAL_Driver/Src/stm32g4xx_hal_rcc.o
 .debug_info    0x000000000000ab05      0xc45 ./Drivers/STM32G4xx_HAL_Driver/Src/stm32g4xx_hal_rcc_ex.o
 .debug_info    0x000000000000b74a     0x481e ./Drivers/STM32G4xx_HAL_Driver/Src/stm32g4xx_hal_uart.o
 .debug_info    0x000000000000ff68      0xfdd ./Drivers/STM32G4xx_HAL_Driver/Src/stm32g4xx_hal_uart_ex.o

.debug_abbrev   0x0000000000000000     0x224b
 .debug_abbrev  0x0000000000000000      0x2c3 ./Core/Src/main.o
 .debug_abbrev  0x00000000000002c3      0x24a ./Core/Src/stm32g4xx_hal_msp.o
 .debug_abbrev  0x000000000000050d      0x197 ./Core/Src/stm32g4xx_it.o
 .debug_abbrev  0x00000000000006a4      0x11a ./Core/Src/system_stm32g4xx.o
 .debug_abbrev  0x00000000000007be       0x12 ./Core/Startup/startup_stm32g474retx.o
 .debug_abbrev  0x00000000000007d0      0x271 ./Drivers/STM32G4xx_HAL_Driver/Src/stm32g4xx_hal.o
 .debug_abbrev  0x0000000000000a41      0x31c ./Drivers/STM32G4xx_HAL_Driver/Src/stm32g4xx_hal_cortex.o
 .debug_abbrev  0x0000000000000d5d      0x1e2 ./Drivers/STM32G4xx_HAL_Driver/Src/stm32g4xx_hal_dma.o
 .debug_abbrev  0x0000000000000f3f      0x1cb ./Drivers/STM32G4xx_HAL_Driver/Src/stm32g4xx_hal_gpio.o
 .debug_abbrev  0x000000000000110a      0x25e ./Drivers/STM32G4xx_HAL_Driver/Src/stm32g4xx_hal_i2c.o
 .debug_abbrev  0x0000000000001368      0x1c0 ./Drivers/STM32G4xx_HAL_Driver/Src/stm32g4xx_hal_i2c_ex.o
 .debug_abbrev  0x0000000000001528      0x22c ./Drivers/STM32G4xx_HAL_Driver/Src/stm32g4xx_hal_pwr_ex.o
 .debug_abbrev  0x0000000000001754      0x2c9 ./Drivers/STM32G4xx_HAL_Driver/Src/stm32g4xx_hal_rcc.o
 .debug_abbrev  0x0000000000001a1d      0x258 ./Drivers/STM32G4xx_HAL_Driver/Src/stm32g4xx_hal_rcc_ex.o
 .debug_abbrev  0x0000000000001c75      0x304 ./Drivers/STM32G4xx_HAL_Driver/Src/stm32g4xx_hal_uart.o
 .debug_abbrev  0x0000000000001f79      0x2d2 ./Drivers/STM32G4xx_HAL_Driver/Src/stm32g4xx_hal_uart_ex.o

.debug_aranges  0x0000000000000000      0xd60
 .debug_aranges
                0x0000000000000000       0x70 ./Core/Src/main.o
 .debug_aranges
                0x0000000000000070       0x40 ./Core/Src/stm32g4xx_hal_msp.o
 .debug_aranges
                0x00000000000000b0       0xb8 ./Core/Src/stm32g4xx_it.o
 .debug_aranges
                0x0000000000000168       0x28 ./Core/Src/system_stm32g4xx.o
 .debug_aranges
                0x0000000000000190       0x28 ./Core/Startup/startup_stm32g474retx.o
 .debug_aranges
                0x00000000000001b8      0x148 ./Drivers/STM32G4xx_HAL_Driver/Src/stm32g4xx_hal.o
 .debug_aranges
                0x0000000000000300      0x118 ./Drivers/STM32G4xx_HAL_Driver/Src/stm32g4xx_hal_cortex.o
 .debug_aranges
                0x0000000000000418       0x90 ./Drivers/STM32G4xx_HAL_Driver/Src/stm32g4xx_hal_dma.o
 .debug_aranges
                0x00000000000004a8       0x58 ./Drivers/STM32G4xx_HAL_Driver/Src/stm32g4xx_hal_gpio.o
 .debug_aranges
                0x0000000000000500      0x2a0 ./Drivers/STM32G4xx_HAL_Driver/Src/stm32g4xx_hal_i2c.o
 .debug_aranges
                0x00000000000007a0       0x48 ./Drivers/STM32G4xx_HAL_Driver/Src/stm32g4xx_hal_i2c_ex.o
 .debug_aranges
                0x00000000000007e8      0x140 ./Drivers/STM32G4xx_HAL_Driver/Src/stm32g4xx_hal_pwr_ex.o
 .debug_aranges
                0x0000000000000928       0x98 ./Drivers/STM32G4xx_HAL_Driver/Src/stm32g4xx_hal_rcc.o
 .debug_aranges
                0x00000000000009c0       0xb0 ./Drivers/STM32G4xx_HAL_Driver/Src/stm32g4xx_hal_rcc_ex.o
 .debug_aranges
                0x0000000000000a70      0x248 ./Drivers/STM32G4xx_HAL_Driver/Src/stm32g4xx_hal_uart.o
 .debug_aranges
                0x0000000000000cb8       0xa8 ./Drivers/STM32G4xx_HAL_Driver/Src/stm32g4xx_hal_uart_ex.o

.debug_rnglists
                0x0000000000000000      0xa6e
 .debug_rnglists
                0x0000000000000000       0x57 ./Core/Src/main.o
 .debug_rnglists
                0x0000000000000057       0x2e ./Core/Src/stm32g4xx_hal_msp.o
 .debug_rnglists
                0x0000000000000085       0x85 ./Core/Src/stm32g4xx_it.o
 .debug_rnglists
                0x000000000000010a       0x1a ./Core/Src/system_stm32g4xx.o
 .debug_rnglists
                0x0000000000000124       0x19 ./Core/Startup/startup_stm32g474retx.o
 .debug_rnglists
                0x000000000000013d       0xf1 ./Drivers/STM32G4xx_HAL_Driver/Src/stm32g4xx_hal.o
 .debug_rnglists
                0x000000000000022e       0xce ./Drivers/STM32G4xx_HAL_Driver/Src/stm32g4xx_hal_cortex.o
 .debug_rnglists
                0x00000000000002fc       0x71 ./Drivers/STM32G4xx_HAL_Driver/Src/stm32g4xx_hal_dma.o
 .debug_rnglists
                0x000000000000036d       0x3f ./Drivers/STM32G4xx_HAL_Driver/Src/stm32g4xx_hal_gpio.o
 .debug_rnglists
                0x00000000000003ac      0x228 ./Drivers/STM32G4xx_HAL_Driver/Src/stm32g4xx_hal_i2c.o
 .debug_rnglists
                0x00000000000005d4       0x35 ./Drivers/STM32G4xx_HAL_Driver/Src/stm32g4xx_hal_i2c_ex.o
 .debug_rnglists
                0x0000000000000609       0xf1 ./Drivers/STM32G4xx_HAL_Driver/Src/stm32g4xx_hal_pwr_ex.o
 .debug_rnglists
                0x00000000000006fa       0x74 ./Drivers/STM32G4xx_HAL_Driver/Src/stm32g4xx_hal_rcc.o
 .debug_rnglists
                0x000000000000076e       0x87 ./Drivers/STM32G4xx_HAL_Driver/Src/stm32g4xx_hal_rcc_ex.o
 .debug_rnglists
                0x00000000000007f5      0x1fa ./Drivers/STM32G4xx_HAL_Driver/Src/stm32g4xx_hal_uart.o
 .debug_rnglists
                0x00000000000009ef       0x7f ./Drivers/STM32G4xx_HAL_Driver/Src/stm32g4xx_hal_uart_ex.o

.debug_macro    0x0000000000000000    0x25473
 .debug_macro   0x0000000000000000      0x324 ./Core/Src/main.o
 .debug_macro   0x0000000000000324      0xaa8 ./Core/Src/main.o
 .debug_macro   0x0000000000000dcc      0x15b ./Core/Src/main.o
 .debug_macro   0x0000000000000f27       0x2e ./Core/Src/main.o
 .debug_macro   0x0000000000000f55       0x28 ./Core/Src/main.o
 .debug_macro   0x0000000000000f7d       0x22 ./Core/Src/main.o
 .debug_macro   0x0000000000000f9f       0x8e ./Core/Src/main.o
 .debug_macro   0x000000000000102d       0x51 ./Core/Src/main.o
 .debug_macro   0x000000000000107e      0x103 ./Core/Src/main.o
 .debug_macro   0x0000000000001181       0x6a ./Core/Src/main.o
 .debug_macro   0x00000000000011eb      0x1df ./Core/Src/main.o
 .debug_macro   0x00000000000013ca       0x1c ./Core/Src/main.o
 .debug_macro   0x00000000000013e6       0x22 ./Core/Src/main.o
 .debug_macro   0x0000000000001408       0xfb ./Core/Src/main.o
 .debug_macro   0x0000000000001503     0x1011 ./Core/Src/main.o
 .debug_macro   0x0000000000002514      0x11f ./Core/Src/main.o
 .debug_macro   0x0000000000002633    0x18b45 ./Core/Src/main.o
 .debug_macro   0x000000000001b178       0x6d ./Core/Src/main.o
 .debug_macro   0x000000000001b1e5     0x354d ./Core/Src/main.o
 .debug_macro   0x000000000001e732      0x174 ./Core/Src/main.o
 .debug_macro   0x000000000001e8a6       0x5c ./Core/Src/main.o
 .debug_macro   0x000000000001e902     0x171f ./Core/Src/main.o
 .debug_macro   0x0000000000020021      0x600 ./Core/Src/main.o
 .debug_macro   0x0000000000020621      0x1b6 ./Core/Src/main.o
 .debug_macro   0x00000000000207d7      0x34a ./Core/Src/main.o
 .debug_macro   0x0000000000020b21      0x53c ./Core/Src/main.o
 .debug_macro   0x000000000002105d      0x18b ./Core/Src/main.o
 .debug_macro   0x00000000000211e8       0x43 ./Core/Src/main.o
 .debug_macro   0x000000000002122b      0x23d ./Core/Src/main.o
 .debug_macro   0x0000000000021468      0x211 ./Core/Src/main.o
 .debug_macro   0x0000000000021679      0x45c ./Core/Src/main.o
 .debug_macro   0x0000000000021ad5      0x11c ./Core/Src/main.o
 .debug_macro   0x0000000000021bf1      0x22c ./Core/Src/main.o
 .debug_macro   0x0000000000021e1d       0x61 ./Core/Src/main.o
 .debug_macro   0x0000000000021e7e       0xa5 ./Core/Src/main.o
 .debug_macro   0x0000000000021f23      0x122 ./Core/Src/main.o
 .debug_macro   0x0000000000022045      0x3d1 ./Core/Src/main.o
 .debug_macro   0x0000000000022416      0x693 ./Core/Src/main.o
 .debug_macro   0x0000000000022aa9       0xa6 ./Core/Src/main.o
 .debug_macro   0x0000000000022b4f      0x358 ./Core/Src/main.o
 .debug_macro   0x0000000000022ea7       0x52 ./Core/Src/main.o
 .debug_macro   0x0000000000022ef9       0x61 ./Core/Src/main.o
 .debug_macro   0x0000000000022f5a       0x2a ./Core/Src/main.o
 .debug_macro   0x0000000000022f84       0x43 ./Core/Src/main.o
 .debug_macro   0x0000000000022fc7       0x34 ./Core/Src/main.o
 .debug_macro   0x0000000000022ffb       0x16 ./Core/Src/main.o
 .debug_macro   0x0000000000023011       0x35 ./Core/Src/main.o
 .debug_macro   0x0000000000023046      0x369 ./Core/Src/main.o
 .debug_macro   0x00000000000233af       0x10 ./Core/Src/main.o
 .debug_macro   0x00000000000233bf       0x16 ./Core/Src/main.o
 .debug_macro   0x00000000000233d5       0x43 ./Core/Src/main.o
 .debug_macro   0x0000000000023418       0x34 ./Core/Src/main.o
 .debug_macro   0x000000000002344c       0x10 ./Core/Src/main.o
 .debug_macro   0x000000000002345c       0x58 ./Core/Src/main.o
 .debug_macro   0x00000000000234b4       0x8e ./Core/Src/main.o
 .debug_macro   0x0000000000023542       0x1c ./Core/Src/main.o
 .debug_macro   0x000000000002355e      0x177 ./Core/Src/main.o
 .debug_macro   0x00000000000236d5       0x16 ./Core/Src/main.o
 .debug_macro   0x00000000000236eb       0x16 ./Core/Src/main.o
 .debug_macro   0x0000000000023701      0x147 ./Core/Src/main.o
 .debug_macro   0x0000000000023848       0x16 ./Core/Src/main.o
 .debug_macro   0x000000000002385e       0x20 ./Core/Src/main.o
 .debug_macro   0x000000000002387e       0x16 ./Core/Src/main.o
 .debug_macro   0x0000000000023894       0x16 ./Core/Src/main.o
 .debug_macro   0x00000000000238aa       0x29 ./Core/Src/main.o
 .debug_macro   0x00000000000238d3      0x1e2 ./Core/Src/stm32g4xx_hal_msp.o
 .debug_macro   0x0000000000023ab5      0x1ec ./Core/Src/stm32g4xx_it.o
 .debug_macro   0x0000000000023ca1      0x1d3 ./Core/Src/system_stm32g4xx.o
 .debug_macro   0x0000000000023e74      0x221 ./Drivers/STM32G4xx_HAL_Driver/Src/stm32g4xx_hal.o
 .debug_macro   0x0000000000024095      0x1d3 ./Drivers/STM32G4xx_HAL_Driver/Src/stm32g4xx_hal_cortex.o
 .debug_macro   0x0000000000024268      0x1d3 ./Drivers/STM32G4xx_HAL_Driver/Src/stm32g4xx_hal_dma.o
 .debug_macro   0x000000000002443b      0x1da ./Drivers/STM32G4xx_HAL_Driver/Src/stm32g4xx_hal_gpio.o
 .debug_macro   0x0000000000024615      0x29f ./Drivers/STM32G4xx_HAL_Driver/Src/stm32g4xx_hal_i2c.o
 .debug_macro   0x00000000000248b4      0x1d3 ./Drivers/STM32G4xx_HAL_Driver/Src/stm32g4xx_hal_i2c_ex.o
 .debug_macro   0x0000000000024a87      0x1fd ./Drivers/STM32G4xx_HAL_Driver/Src/stm32g4xx_hal_pwr_ex.o
 .debug_macro   0x0000000000024c84      0x215 ./Drivers/STM32G4xx_HAL_Driver/Src/stm32g4xx_hal_rcc.o
 .debug_macro   0x0000000000024e99      0x1fd ./Drivers/STM32G4xx_HAL_Driver/Src/stm32g4xx_hal_rcc_ex.o
 .debug_macro   0x0000000000025096      0x1fe ./Drivers/STM32G4xx_HAL_Driver/Src/stm32g4xx_hal_uart.o
 .debug_macro   0x0000000000025294      0x1df ./Drivers/STM32G4xx_HAL_Driver/Src/stm32g4xx_hal_uart_ex.o

.debug_line     0x0000000000000000    0x11673
 .debug_line    0x0000000000000000      0xde8 ./Core/Src/main.o
 .debug_line    0x0000000000000de8      0x953 ./Core/Src/stm32g4xx_hal_msp.o
 .debug_line    0x000000000000173b      0x928 ./Core/Src/stm32g4xx_it.o
 .debug_line    0x0000000000002063      0x7c7 ./Core/Src/system_stm32g4xx.o
 .debug_line    0x000000000000282a       0x7b ./Core/Startup/startup_stm32g474retx.o
 .debug_line    0x00000000000028a5      0xb86 ./Drivers/STM32G4xx_HAL_Driver/Src/stm32g4xx_hal.o
 .debug_line    0x000000000000342b      0xcf1 ./Drivers/STM32G4xx_HAL_Driver/Src/stm32g4xx_hal_cortex.o
 .debug_line    0x000000000000411c      0xeaa ./Drivers/STM32G4xx_HAL_Driver/Src/stm32g4xx_hal_dma.o
 .debug_line    0x0000000000004fc6      0xb81 ./Drivers/STM32G4xx_HAL_Driver/Src/stm32g4xx_hal_gpio.o
 .debug_line    0x0000000000005b47     0x3996 ./Drivers/STM32G4xx_HAL_Driver/Src/stm32g4xx_hal_i2c.o
 .debug_line    0x00000000000094dd      0x97b ./Drivers/STM32G4xx_HAL_Driver/Src/stm32g4xx_hal_i2c_ex.o
 .debug_line    0x0000000000009e58      0xcf5 ./Drivers/STM32G4xx_HAL_Driver/Src/stm32g4xx_hal_pwr_ex.o
 .debug_line    0x000000000000ab4d      0xf4e ./Drivers/STM32G4xx_HAL_Driver/Src/stm32g4xx_hal_rcc.o
 .debug_line    0x000000000000ba9b     0x1261 ./Drivers/STM32G4xx_HAL_Driver/Src/stm32g4xx_hal_rcc_ex.o
 .debug_line    0x000000000000ccfc     0x3bce ./Drivers/STM32G4xx_HAL_Driver/Src/stm32g4xx_hal_uart.o
 .debug_line    0x00000000000108ca      0xda9 ./Drivers/STM32G4xx_HAL_Driver/Src/stm32g4xx_hal_uart_ex.o

.debug_str      0x0000000000000000    0xec3d3
 .debug_str     0x0000000000000000    0xe89a9 ./Core/Src/main.o
                                      0xe8d7b (size before relaxing)
 .debug_str     0x00000000000e89a9      0x2bd ./Core/Src/stm32g4xx_hal_msp.o
                                      0xe5397 (size before relaxing)
 .debug_str     0x00000000000e8c66      0x22b ./Core/Src/stm32g4xx_it.o
                                      0xe4ae4 (size before relaxing)
 .debug_str     0x00000000000e8e91       0xdb ./Core/Src/system_stm32g4xx.o
                                      0xe4136 (size before relaxing)
 .debug_str     0x00000000000e8f6c       0x34 ./Core/Startup/startup_stm32g474retx.o
                                         0x87 (size before relaxing)
 .debug_str     0x00000000000e8fa0      0x5d7 ./Drivers/STM32G4xx_HAL_Driver/Src/stm32g4xx_hal.o
                                      0xe4e48 (size before relaxing)
 .debug_str     0x00000000000e9577      0x31d ./Drivers/STM32G4xx_HAL_Driver/Src/stm32g4xx_hal_cortex.o
                                      0xe4acc (size before relaxing)
 .debug_str     0x00000000000e9894      0x29c ./Drivers/STM32G4xx_HAL_Driver/Src/stm32g4xx_hal_dma.o
                                      0xe4510 (size before relaxing)
 .debug_str     0x00000000000e9b30       0xf7 ./Drivers/STM32G4xx_HAL_Driver/Src/stm32g4xx_hal_gpio.o
                                      0xe42c1 (size before relaxing)
 .debug_str     0x00000000000e9c27      0xd6a ./Drivers/STM32G4xx_HAL_Driver/Src/stm32g4xx_hal_i2c.o
                                      0xe5437 (size before relaxing)
 .debug_str     0x00000000000ea991       0xb8 ./Drivers/STM32G4xx_HAL_Driver/Src/stm32g4xx_hal_i2c_ex.o
                                      0xe4755 (size before relaxing)
 .debug_str     0x00000000000eaa49      0x4a5 ./Drivers/STM32G4xx_HAL_Driver/Src/stm32g4xx_hal_pwr_ex.o
                                      0xe4624 (size before relaxing)
 .debug_str     0x00000000000eaeee      0x4fb ./Drivers/STM32G4xx_HAL_Driver/Src/stm32g4xx_hal_rcc.o
                                      0xe4855 (size before relaxing)
 .debug_str     0x00000000000eb3e9      0x402 ./Drivers/STM32G4xx_HAL_Driver/Src/stm32g4xx_hal_rcc_ex.o
                                      0xe487f (size before relaxing)
 .debug_str     0x00000000000eb7eb      0x97d ./Drivers/STM32G4xx_HAL_Driver/Src/stm32g4xx_hal_uart.o
                                      0xe50f1 (size before relaxing)
 .debug_str     0x00000000000ec168      0x26b ./Drivers/STM32G4xx_HAL_Driver/Src/stm32g4xx_hal_uart_ex.o
                                      0xe48ef (size before relaxing)

.debug_frame    0x0000000000000000     0x3710
 .debug_frame   0x0000000000000000      0x168 ./Core/Src/main.o
 .debug_frame   0x0000000000000168       0xcc ./Core/Src/stm32g4xx_hal_msp.o
 .debug_frame   0x0000000000000234      0x238 ./Core/Src/stm32g4xx_it.o
 .debug_frame   0x000000000000046c       0x58 ./Core/Src/system_stm32g4xx.o
 .debug_frame   0x00000000000004c4      0x500 ./Drivers/STM32G4xx_HAL_Driver/Src/stm32g4xx_hal.o
 .debug_frame   0x00000000000009c4      0x498 ./Drivers/STM32G4xx_HAL_Driver/Src/stm32g4xx_hal_cortex.o
 .debug_frame   0x0000000000000e5c      0x24c ./Drivers/STM32G4xx_HAL_Driver/Src/stm32g4xx_hal_dma.o
 .debug_frame   0x00000000000010a8      0x14c ./Drivers/STM32G4xx_HAL_Driver/Src/stm32g4xx_hal_gpio.o
 .debug_frame   0x00000000000011f4      0xc38 ./Drivers/STM32G4xx_HAL_Driver/Src/stm32g4xx_hal_i2c.o
 .debug_frame   0x0000000000001e2c      0x100 ./Drivers/STM32G4xx_HAL_Driver/Src/stm32g4xx_hal_i2c_ex.o
 .debug_frame   0x0000000000001f2c      0x4fc ./Drivers/STM32G4xx_HAL_Driver/Src/stm32g4xx_hal_pwr_ex.o
 .debug_frame   0x0000000000002428      0x23c ./Drivers/STM32G4xx_HAL_Driver/Src/stm32g4xx_hal_rcc.o
 .debug_frame   0x0000000000002664      0x2ac ./Drivers/STM32G4xx_HAL_Driver/Src/stm32g4xx_hal_rcc_ex.o
 .debug_frame   0x0000000000002910      0xa94 ./Drivers/STM32G4xx_HAL_Driver/Src/stm32g4xx_hal_uart.o
 .debug_frame   0x00000000000033a4      0x2c0 ./Drivers/STM32G4xx_HAL_Driver/Src/stm32g4xx_hal_uart_ex.o
 .debug_frame   0x0000000000003664       0x20 D:/STM32CubeIDE_1.13.2/STM32CubeIDE/plugins/com.st.stm32cube.ide.mcu.externaltools.gnu-tools-for-stm32.11.3.rel1.win32_1.1.100.202309141235/tools/bin/../lib/gcc/arm-none-eabi/11.3.1/../../../../arm-none-eabi/lib/thumb/v7e-m+fp/hard\libc_nano.a(libc_a-memset.o)
 .debug_frame   0x0000000000003684       0x2c D:/STM32CubeIDE_1.13.2/STM32CubeIDE/plugins/com.st.stm32cube.ide.mcu.externaltools.gnu-tools-for-stm32.11.3.rel1.win32_1.1.100.202309141235/tools/bin/../lib/gcc/arm-none-eabi/11.3.1/../../../../arm-none-eabi/lib/thumb/v7e-m+fp/hard\libc_nano.a(libc_a-init.o)
 .debug_frame   0x00000000000036b0       0x2c D:/STM32CubeIDE_1.13.2/STM32CubeIDE/plugins/com.st.stm32cube.ide.mcu.externaltools.gnu-tools-for-stm32.11.3.rel1.win32_1.1.100.202309141235/tools/bin/../lib/gcc/arm-none-eabi/11.3.1/thumb/v7e-m+fp/hard\libgcc.a(_aeabi_uldivmod.o)
 .debug_frame   0x00000000000036dc       0x34 D:/STM32CubeIDE_1.13.2/STM32CubeIDE/plugins/com.st.stm32cube.ide.mcu.externaltools.gnu-tools-for-stm32.11.3.rel1.win32_1.1.100.202309141235/tools/bin/../lib/gcc/arm-none-eabi/11.3.1/thumb/v7e-m+fp/hard\libgcc.a(_udivmoddi4.o)

.debug_line_str
                0x0000000000000000       0x7b
 .debug_line_str
                0x0000000000000000       0x7b ./Core/Startup/startup_stm32g474retx.o
                                         0x93 (size before relaxing)
